Archive member included to satisfy reference by file (symbol)

c:/st/stm32cubeide_1.7.0/stm32cubeide/plugins/com.st.stm32cube.ide.mcu.externaltools.gnu-tools-for-stm32.9-2020-q2-update.win32_2.0.0.202105311346/tools/bin/../lib/gcc/arm-none-eabi/9.3.1/../../../../arm-none-eabi/lib/thumb/v7e-m+fp/hard\libc_nano.a(lib_a-errno.o)
                              ./Core/Src/syscalls.o (__errno)
c:/st/stm32cubeide_1.7.0/stm32cubeide/plugins/com.st.stm32cube.ide.mcu.externaltools.gnu-tools-for-stm32.9-2020-q2-update.win32_2.0.0.202105311346/tools/bin/../lib/gcc/arm-none-eabi/9.3.1/../../../../arm-none-eabi/lib/thumb/v7e-m+fp/hard\libc_nano.a(lib_a-exit.o)
                              c:/st/stm32cubeide_1.7.0/stm32cubeide/plugins/com.st.stm32cube.ide.mcu.externaltools.gnu-tools-for-stm32.9-2020-q2-update.win32_2.0.0.202105311346/tools/bin/../lib/gcc/arm-none-eabi/9.3.1/../../../../arm-none-eabi/lib/thumb/v7e-m+fp/hard/crt0.o (exit)
c:/st/stm32cubeide_1.7.0/stm32cubeide/plugins/com.st.stm32cube.ide.mcu.externaltools.gnu-tools-for-stm32.9-2020-q2-update.win32_2.0.0.202105311346/tools/bin/../lib/gcc/arm-none-eabi/9.3.1/../../../../arm-none-eabi/lib/thumb/v7e-m+fp/hard\libc_nano.a(lib_a-impure.o)
                              c:/st/stm32cubeide_1.7.0/stm32cubeide/plugins/com.st.stm32cube.ide.mcu.externaltools.gnu-tools-for-stm32.9-2020-q2-update.win32_2.0.0.202105311346/tools/bin/../lib/gcc/arm-none-eabi/9.3.1/../../../../arm-none-eabi/lib/thumb/v7e-m+fp/hard\libc_nano.a(lib_a-exit.o) (_global_impure_ptr)
c:/st/stm32cubeide_1.7.0/stm32cubeide/plugins/com.st.stm32cube.ide.mcu.externaltools.gnu-tools-for-stm32.9-2020-q2-update.win32_2.0.0.202105311346/tools/bin/../lib/gcc/arm-none-eabi/9.3.1/../../../../arm-none-eabi/lib/thumb/v7e-m+fp/hard\libc_nano.a(lib_a-init.o)
                              c:/st/stm32cubeide_1.7.0/stm32cubeide/plugins/com.st.stm32cube.ide.mcu.externaltools.gnu-tools-for-stm32.9-2020-q2-update.win32_2.0.0.202105311346/tools/bin/../lib/gcc/arm-none-eabi/9.3.1/../../../../arm-none-eabi/lib/thumb/v7e-m+fp/hard/crt0.o (__libc_init_array)
c:/st/stm32cubeide_1.7.0/stm32cubeide/plugins/com.st.stm32cube.ide.mcu.externaltools.gnu-tools-for-stm32.9-2020-q2-update.win32_2.0.0.202105311346/tools/bin/../lib/gcc/arm-none-eabi/9.3.1/../../../../arm-none-eabi/lib/thumb/v7e-m+fp/hard\libc_nano.a(lib_a-memmove.o)
                              ./Core/Src/ssd1306_tests.o (memmove)
c:/st/stm32cubeide_1.7.0/stm32cubeide/plugins/com.st.stm32cube.ide.mcu.externaltools.gnu-tools-for-stm32.9-2020-q2-update.win32_2.0.0.202105311346/tools/bin/../lib/gcc/arm-none-eabi/9.3.1/../../../../arm-none-eabi/lib/thumb/v7e-m+fp/hard\libc_nano.a(lib_a-memset.o)
                              c:/st/stm32cubeide_1.7.0/stm32cubeide/plugins/com.st.stm32cube.ide.mcu.externaltools.gnu-tools-for-stm32.9-2020-q2-update.win32_2.0.0.202105311346/tools/bin/../lib/gcc/arm-none-eabi/9.3.1/../../../../arm-none-eabi/lib/thumb/v7e-m+fp/hard/crt0.o (memset)
c:/st/stm32cubeide_1.7.0/stm32cubeide/plugins/com.st.stm32cube.ide.mcu.externaltools.gnu-tools-for-stm32.9-2020-q2-update.win32_2.0.0.202105311346/tools/bin/../lib/gcc/arm-none-eabi/9.3.1/../../../../arm-none-eabi/lib/thumb/v7e-m+fp/hard\libc_nano.a(lib_a-snprintf.o)
                              ./Core/Src/ssd1306_tests.o (snprintf)
c:/st/stm32cubeide_1.7.0/stm32cubeide/plugins/com.st.stm32cube.ide.mcu.externaltools.gnu-tools-for-stm32.9-2020-q2-update.win32_2.0.0.202105311346/tools/bin/../lib/gcc/arm-none-eabi/9.3.1/../../../../arm-none-eabi/lib/thumb/v7e-m+fp/hard\libc_nano.a(lib_a-sprintf.o)
                              ./Core/Src/main.o (sprintf)
c:/st/stm32cubeide_1.7.0/stm32cubeide/plugins/com.st.stm32cube.ide.mcu.externaltools.gnu-tools-for-stm32.9-2020-q2-update.win32_2.0.0.202105311346/tools/bin/../lib/gcc/arm-none-eabi/9.3.1/../../../../arm-none-eabi/lib/thumb/v7e-m+fp/hard\libc_nano.a(lib_a-nano-svfprintf.o)
                              c:/st/stm32cubeide_1.7.0/stm32cubeide/plugins/com.st.stm32cube.ide.mcu.externaltools.gnu-tools-for-stm32.9-2020-q2-update.win32_2.0.0.202105311346/tools/bin/../lib/gcc/arm-none-eabi/9.3.1/../../../../arm-none-eabi/lib/thumb/v7e-m+fp/hard\libc_nano.a(lib_a-snprintf.o) (_svfprintf_r)
c:/st/stm32cubeide_1.7.0/stm32cubeide/plugins/com.st.stm32cube.ide.mcu.externaltools.gnu-tools-for-stm32.9-2020-q2-update.win32_2.0.0.202105311346/tools/bin/../lib/gcc/arm-none-eabi/9.3.1/../../../../arm-none-eabi/lib/thumb/v7e-m+fp/hard\libc_nano.a(lib_a-nano-vfprintf_i.o)
                              c:/st/stm32cubeide_1.7.0/stm32cubeide/plugins/com.st.stm32cube.ide.mcu.externaltools.gnu-tools-for-stm32.9-2020-q2-update.win32_2.0.0.202105311346/tools/bin/../lib/gcc/arm-none-eabi/9.3.1/../../../../arm-none-eabi/lib/thumb/v7e-m+fp/hard\libc_nano.a(lib_a-nano-svfprintf.o) (_printf_i)
[...]
Memory Configuration

Name             Origin             Length             Attributes
CCMRAM           0x0000000010000000 0x0000000000004000 xrw
RAM              0x0000000020000000 0x0000000000010000 xrw
FLASH            0x0000000008000000 0x0000000000080000 xr
*default*        0x0000000000000000 0xffffffffffffffff

Linker script and memory map

LOAD c:/st/stm32cubeide_1.7.0/stm32cubeide/plugins/com.st.stm32cube.ide.mcu.externaltools.gnu-tools-for-stm32.9-2020-q2-update.win32_2.0.0.202105311346/tools/bin/../lib/gcc/arm-none-eabi/9.3.1/thumb/v7e-m+fp/hard/crti.o
LOAD c:/st/stm32cubeide_1.7.0/stm32cubeide/plugins/com.st.stm32cube.ide.mcu.externaltools.gnu-tools-for-stm32.9-2020-q2-update.win32_2.0.0.202105311346/tools/bin/../lib/gcc/arm-none-eabi/9.3.1/thumb/v7e-m+fp/hard/crtbegin.o
LOAD c:/st/stm32cubeide_1.7.0/stm32cubeide/plugins/com.st.stm32cube.ide.mcu.externaltools.gnu-tools-for-stm32.9-2020-q2-update.win32_2.0.0.202105311346/tools/bin/../lib/gcc/arm-none-eabi/9.3.1/../../../../arm-none-eabi/lib/thumb/v7e-m+fp/hard/crt0.o
LOAD ./Core/Src/main.o
LOAD ./Core/Src/ssd1306.o
LOAD ./Core/Src/ssd1306_fonts.o
LOAD ./Core/Src/ssd1306_tests.o
LOAD ./Core/Src/stm32f3xx_hal_msp.o
LOAD ./Core/Src/stm32f3xx_it.o
LOAD ./Core/Src/syscalls.o
LOAD ./Core/Src/sysmem.o
LOAD ./Core/Src/system_stm32f3xx.o
LOAD ./Core/Startup/startup_stm32f303retx.o
LOAD ./Drivers/STM32F3xx_HAL_Driver/Src/stm32f3xx_hal.o
LOAD ./Drivers/STM32F3xx_HAL_Driver/Src/stm32f3xx_hal_adc.o
LOAD ./Drivers/STM32F3xx_HAL_Driver/Src/stm32f3xx_hal_adc_ex.o
LOAD ./Drivers/STM32F3xx_HAL_Driver/Src/stm32f3xx_hal_cortex.o
LOAD ./Drivers/STM32F3xx_HAL_Driver/Src/stm32f3xx_hal_dma.o
LOAD ./Drivers/STM32F3xx_HAL_Driver/Src/stm32f3xx_hal_exti.o
LOAD ./Drivers/STM32F3xx_HAL_Driver/Src/stm32f3xx_hal_flash.o
LOAD ./Drivers/STM32F3xx_HAL_Driver/Src/stm32f3xx_hal_flash_ex.o
LOAD ./Drivers/STM32F3xx_HAL_Driver/Src/stm32f3xx_hal_gpio.o
LOAD ./Drivers/STM32F3xx_HAL_Driver/Src/stm32f3xx_hal_i2c.o
LOAD ./Drivers/STM32F3xx_HAL_Driver/Src/stm32f3xx_hal_i2c_ex.o
LOAD ./Drivers/STM32F3xx_HAL_Driver/Src/stm32f3xx_hal_pcd.o
LOAD ./Drivers/STM32F3xx_HAL_Driver/Src/stm32f3xx_hal_pcd_ex.o
LOAD ./Drivers/STM32F3xx_HAL_Driver/Src/stm32f3xx_hal_pwr.o
LOAD ./Drivers/STM32F3xx_HAL_Driver/Src/stm32f3xx_hal_pwr_ex.o
LOAD ./Drivers/STM32F3xx_HAL_Driver/Src/stm32f3xx_hal_rcc.o
LOAD ./Drivers/STM32F3xx_HAL_Driver/Src/stm32f3xx_hal_rcc_ex.o
LOAD ./Drivers/STM32F3xx_HAL_Driver/Src/stm32f3xx_hal_spi.o
LOAD ./Drivers/STM32F3xx_HAL_Driver/Src/stm32f3xx_hal_spi_ex.o
LOAD ./Drivers/STM32F3xx_HAL_Driver/Src/stm32f3xx_hal_tim.o
LOAD ./Drivers/STM32F3xx_HAL_Driver/Src/stm32f3xx_hal_tim_ex.o
LOAD ./Drivers/STM32F3xx_HAL_Driver/Src/stm32f3xx_hal_uart.o
LOAD ./Drivers/STM32F3xx_HAL_Driver/Src/stm32f3xx_hal_uart_ex.o
LOAD ./Drivers/STM32F3xx_HAL_Driver/Src/stm32f3xx_ll_usb.o
START GROUP
LOAD c:/st/stm32cubeide_1.7.0/stm32cubeide/plugins/com.st.stm32cube.ide.mcu.externaltools.gnu-tools-for-stm32.9-2020-q2-update.win32_2.0.0.202105311346/tools/bin/../lib/gcc/arm-none-eabi/9.3.1/../../../../arm-none-eabi/lib/thumb/v7e-m+fp/hard\libc_nano.a
LOAD c:/st/stm32cubeide_1.7.0/stm32cubeide/plugins/com.st.stm32cube.ide.mcu.externaltools.gnu-tools-for-stm32.9-2020-q2-update.win32_2.0.0.202105311346/tools/bin/../lib/gcc/arm-none-eabi/9.3.1/../../../../arm-none-eabi/lib/thumb/v7e-m+fp/hard\libm.a
END GROUP
START GROUP
LOAD c:/st/stm32cubeide_1.7.0/stm32cubeide/plugins/com.st.stm32cube.ide.mcu.externaltools.gnu-tools-for-stm32.9-2020-q2-update.win32_2.0.0.202105311346/tools/bin/../lib/gcc/arm-none-eabi/9.3.1/thumb/v7e-m+fp/hard\libgcc.a
LOAD c:/st/stm32cubeide_1.7.0/stm32cubeide/plugins/com.st.stm32cube.ide.mcu.externaltools.gnu-tools-for-stm32.9-2020-q2-update.win32_2.0.0.202105311346/tools/bin/../lib/gcc/arm-none-eabi/9.3.1/../../../../arm-none-eabi/lib/thumb/v7e-m+fp/hard\libc_nano.a
END GROUP
START GROUP
LOAD c:/st/stm32cubeide_1.7.0/stm32cubeide/plugins/com.st.stm32cube.ide.mcu.externaltools.gnu-tools-for-stm32.9-2020-q2-update.win32_2.0.0.202105311346/tools/bin/../lib/gcc/arm-none-eabi/9.3.1/thumb/v7e-m+fp/hard\libgcc.a
LOAD c:/st/stm32cubeide_1.7.0/stm32cubeide/plugins/com.st.stm32cube.ide.mcu.externaltools.gnu-tools-for-stm32.9-2020-q2-update.win32_2.0.0.202105311346/tools/bin/../lib/gcc/arm-none-eabi/9.3.1/../../../../arm-none-eabi/lib/thumb/v7e-m+fp/hard\libc_nano.a
LOAD c:/st/stm32cubeide_1.7.0/stm32cubeide/plugins/com.st.stm32cube.ide.mcu.externaltools.gnu-tools-for-stm32.9-2020-q2-update.win32_2.0.0.202105311346/tools/bin/../lib/gcc/arm-none-eabi/9.3.1/../../../../arm-none-eabi/lib/thumb/v7e-m+fp/hard\libnosys.a
END GROUP
START GROUP
LOAD c:/st/stm32cubeide_1.7.0/stm32cubeide/plugins/com.st.stm32cube.ide.mcu.externaltools.gnu-tools-for-stm32.9-2020-q2-update.win32_2.0.0.202105311346/tools/bin/../lib/gcc/arm-none-eabi/9.3.1/thumb/v7e-m+fp/hard\libgcc.a
LOAD c:/st/stm32cubeide_1.7.0/stm32cubeide/plugins/com.st.stm32cube.ide.mcu.externaltools.gnu-tools-for-stm32.9-2020-q2-update.win32_2.0.0.202105311346/tools/bin/../lib/gcc/arm-none-eabi/9.3.1/../../../../arm-none-eabi/lib/thumb/v7e-m+fp/hard\libc_nano.a
LOAD c:/st/stm32cubeide_1.7.0/stm32cubeide/plugins/com.st.stm32cube.ide.mcu.externaltools.gnu-tools-for-stm32.9-2020-q2-update.win32_2.0.0.202105311346/tools/bin/../lib/gcc/arm-none-eabi/9.3.1/../../../../arm-none-eabi/lib/thumb/v7e-m+fp/hard\libnosys.a
END GROUP
LOAD c:/st/stm32cubeide_1.7.0/stm32cubeide/plugins/com.st.stm32cube.ide.mcu.externaltools.gnu-tools-for-stm32.9-2020-q2-update.win32_2.0.0.202105311346/tools/bin/../lib/gcc/arm-none-eabi/9.3.1/thumb/v7e-m+fp/hard/crtend.o
LOAD c:/st/stm32cubeide_1.7.0/stm32cubeide/plugins/com.st.stm32cube.ide.mcu.externaltools.gnu-tools-for-stm32.9-2020-q2-update.win32_2.0.0.202105311346/tools/bin/../lib/gcc/arm-none-eabi/9.3.1/thumb/v7e-m+fp/hard/crtn.o
                0x0000000020010000                _estack = (ORIGIN (RAM) + LENGTH (RAM))
                0x0000000000000200                _Min_Heap_Size = 0x200
                0x0000000000000400                _Min_Stack_Size = 0x400

.isr_vector     0x0000000008000000      0x194
                0x0000000008000000                . = ALIGN (0x4)
 *(.isr_vector)
 .isr_vector    0x0000000008000000      0x194 ./Core/Startup/startup_stm32f303retx.o
                0x0000000008000000                g_pfnVectors
                0x0000000008000194                . = ALIGN (0x4)

.text           0x00000000080001a0     0xa960
                0x00000000080001a0                . = ALIGN (0x4)
 *(.text)
 .text          0x00000000080001a0       0x40 c:/st/stm32cubeide_1.7.0/stm32cubeide/plugins/com.st.stm32cube.ide.mcu.externaltools.gnu-tools-for-stm32.9-2020-q2-update.win32_2.0.0.202105311346/tools/bin/../lib/gcc/arm-none-eabi/9.3.1/thumb/v7e-m+fp/hard/crtbegin.o
 .text          0x00000000080001e0       0xa0 c:/st/stm32cubeide_1.7.0/stm32cubeide/plugins/com.st.stm32cube.ide.mcu.externaltools.gnu-tools-for-stm32.9-2020-q2-update.win32_2.0.0.202105311346/tools/bin/../lib/gcc/arm-none-eabi/9.3.1/../../../../arm-none-eabi/lib/thumb/v7e-m+fp/hard\libc_nano.a(lib_a-memchr.o)
                0x00000000080001e0                memchr
 .text          0x0000000008000280      0x378 c:/st/stm32cubeide_1.7.0/stm32cubeide/plugins/com.st.stm32cube.ide.mcu.externaltools.gnu-tools-for-stm32.9-2020-q2-update.win32_2.0.0.202105311346/tools/bin/../lib/gcc/arm-none-eabi/9.3.1/thumb/v7e-m+fp/hard\libgcc.a(_arm_addsubdf3.o)
                0x0000000008000280                __aeabi_drsub
                0x0000000008000288                __aeabi_dsub
                0x0000000008000288                __subdf3
                0x000000000800028c                __aeabi_dadd
                0x000000000800028c                __adddf3
                0x0000000008000504                __floatunsidf
                0x0000000008000504                __aeabi_ui2d
                0x0000000008000524                __floatsidf
                0x0000000008000524                __aeabi_i2d
                0x0000000008000548                __aeabi_f2d
                0x0000000008000548                __extendsfdf2
                0x000000000800058c                __floatundidf
                0x000000000800058c                __aeabi_ul2d
                0x000000000800059c                __floatdidf
                0x000000000800059c                __aeabi_l2d
 .text          0x00000000080005f8      0x424 c:/st/stm32cubeide_1.7.0/stm32cubeide/plugins/com.st.stm32cube.ide.mcu.externaltools.gnu-tools-for-stm32.9-2020-q2-update.win32_2.0.0.202105311346/tools/bin/../lib/gcc/arm-none-eabi/9.3.1/thumb/v7e-m+fp/hard\libgcc.a(_arm_muldivdf3.o)
                0x00000000080005f8                __aeabi_dmul
                0x00000000080005f8                __muldf3
                0x000000000800084c                __divdf3
                0x000000000800084c                __aeabi_ddiv
 .text          0x0000000008000a1c       0x40 c:/st/stm32cubeide_1.7.0/stm32cubeide/plugins/com.st.stm32cube.ide.mcu.externaltools.gnu-tools-for-stm32.9-2020-q2-update.win32_2.0.0.202105311346/tools/bin/../lib/gcc/arm-none-eabi/9.3.1/thumb/v7e-m+fp/hard\libgcc.a(_arm_fixunsdfsi.o)
                0x0000000008000a1c                __aeabi_d2uiz
                0x0000000008000a1c                __fixunsdfsi
 *(.text*)
 *fill*         0x0000000008000a5c        0x4 
 .text.main     0x0000000008000a60     0x1114 ./Core/Src/main.o
                0x0000000008000a60                main
 .text.SystemClock_Config
                0x0000000008001b74       0xdc ./Core/Src/main.o
                0x0000000008001b74                SystemClock_Config
 .text.MX_ADC2_Init
                0x0000000008001c50      0x12c ./Core/Src/main.o
 .text.MX_SPI2_Init
                0x0000000008001d7c       0x7c ./Core/Src/main.o
 .text.MX_TIM1_Init
                0x0000000008001df8       0xb4 ./Core/Src/main.o
 .text.MX_TIM2_Init
                0x0000000008001eac       0x9c ./Core/Src/main.o
 .text.MX_TIM3_Init
                0x0000000008001f48       0xac ./Core/Src/main.o
 .text.MX_TIM8_Init
                0x0000000008001ff4       0xb4 ./Core/Src/main.o
 .text.MX_USART2_UART_Init
                0x00000000080020a8       0x60 ./Core/Src/main.o
 .text.MX_USB_PCD_Init
                0x0000000008002108       0x4c ./Core/Src/main.o
 .text.MX_DMA_Init
                0x0000000008002154       0x3c ./Core/Src/main.o
 .text.MX_GPIO_Init
                0x0000000008002190      0x114 ./Core/Src/main.o
 .text.HAL_ADC_ConvCpltCallback
                0x00000000080022a4       0x44 ./Core/Src/main.o
                0x00000000080022a4                HAL_ADC_ConvCpltCallback
 .text.updateTiltEncoder
                0x00000000080022e8      0x198 ./Core/Src/main.o
                0x00000000080022e8                updateTiltEncoder
 .text.updateZoomEncoder
                0x0000000008002480      0x198 ./Core/Src/main.o
                0x0000000008002480                updateZoomEncoder
 .text.readPanEncoder
                0x0000000008002618       0xc8 ./Core/Src/main.o
                0x0000000008002618                readPanEncoder
 .text.updatePanEncoder
                0x00000000080026e0      0x160 ./Core/Src/main.o
                0x00000000080026e0                updatePanEncoder
 .text.readRollEncoder
                0x0000000008002840       0xc8 ./Core/Src/main.o
                0x0000000008002840                readRollEncoder
 .text.updateRollEncoder
                0x0000000008002908      0x160 ./Core/Src/main.o
                0x0000000008002908                updateRollEncoder
 .text.updateDisplay
                0x0000000008002a68       0xb0 ./Core/Src/main.o
                0x0000000008002a68                updateDisplay
 .text.menuOff  0x0000000008002b18      0x8e4 ./Core/Src/main.o
                0x0000000008002b18                menuOff
 .text.menuPan  0x00000000080033fc      0x1e0 ./Core/Src/main.o
                0x00000000080033fc                menuPan
 .text.menuTilt
                0x00000000080035dc      0x1e0 ./Core/Src/main.o
                0x00000000080035dc                menuTilt
 .text.menuRoll
                0x00000000080037bc      0x1e0 ./Core/Src/main.o
                0x00000000080037bc                menuRoll
 .text.menuZoom
                0x000000000800399c      0x1e0 ./Core/Src/main.o
                0x000000000800399c                menuZoom
 .text.menuAux  0x0000000008003b7c      0x140 ./Core/Src/main.o
                0x0000000008003b7c                menuAux
 .text.sendCameraData
                0x0000000008003cbc       0xa4 ./Core/Src/main.o
                0x0000000008003cbc                sendCameraData
 .text.saveConfigData
                0x0000000008003d60      0x228 ./Core/Src/main.o
                0x0000000008003d60                saveConfigData
 .text.Error_Handler
                0x0000000008003f88        0xe ./Core/Src/main.o
                0x0000000008003f88                Error_Handler
 *fill*         0x0000000008003f96        0x2 
 .text.ssd1306_Reset
                0x0000000008003f98       0x3c ./Core/Src/ssd1306.o
                0x0000000008003f98                ssd1306_Reset
 .text.ssd1306_WriteCommand
                0x0000000008003fd4       0x4c ./Core/Src/ssd1306.o
                0x0000000008003fd4                ssd1306_WriteCommand
 .text.ssd1306_WriteData
                0x0000000008004020       0x50 ./Core/Src/ssd1306.o
                0x0000000008004020                ssd1306_WriteData
 .text.ssd1306_Init
                0x0000000008004070       0xb4 ./Core/Src/ssd1306.o
                0x0000000008004070                ssd1306_Init
 .text.ssd1306_Fill
                0x0000000008004124       0x48 ./Core/Src/ssd1306.o
                0x0000000008004124                ssd1306_Fill
 .text.ssd1306_UpdateScreen
                0x000000000800416c       0x50 ./Core/Src/ssd1306.o
                0x000000000800416c                ssd1306_UpdateScreen
 .text.ssd1306_DrawPixel
                0x00000000080041bc       0xc0 ./Core/Src/ssd1306.o
                0x00000000080041bc                ssd1306_DrawPixel
 .text.ssd1306_WriteChar
                0x000000000800427c      0x110 ./Core/Src/ssd1306.o
                0x000000000800427c                ssd1306_WriteChar
 .text.ssd1306_WriteString
                0x000000000800438c       0x4c ./Core/Src/ssd1306.o
                0x000000000800438c                ssd1306_WriteString
 .text.ssd1306_SetCursor
                0x00000000080043d8       0x30 ./Core/Src/ssd1306.o
                0x00000000080043d8                ssd1306_SetCursor
 .text.ssd1306_Line
                0x0000000008004408       0xd8 ./Core/Src/ssd1306.o
                0x0000000008004408                ssd1306_Line
 .text.ssd1306_DrawRectangle
                0x00000000080044e0       0x6e ./Core/Src/ssd1306.o
                0x00000000080044e0                ssd1306_DrawRectangle
 *fill*         0x000000000800454e        0x2 
 .text.HAL_MspInit
                0x0000000008004550       0x48 ./Core/Src/stm32f3xx_hal_msp.o
                0x0000000008004550                HAL_MspInit
 .text.HAL_ADC_MspInit
                0x0000000008004598      0x108 ./Core/Src/stm32f3xx_hal_msp.o
                0x0000000008004598                HAL_ADC_MspInit
 .text.HAL_SPI_MspInit
                0x00000000080046a0       0x88 ./Core/Src/stm32f3xx_hal_msp.o
                0x00000000080046a0                HAL_SPI_MspInit
 .text.HAL_TIM_Encoder_MspInit
                0x0000000008004728      0x14c ./Core/Src/stm32f3xx_hal_msp.o
                0x0000000008004728                HAL_TIM_Encoder_MspInit
 .text.HAL_TIM_Base_MspInit
                0x0000000008004874       0x48 ./Core/Src/stm32f3xx_hal_msp.o
                0x0000000008004874                HAL_TIM_Base_MspInit
 .text.HAL_UART_MspInit
                0x00000000080048bc       0x94 ./Core/Src/stm32f3xx_hal_msp.o
                0x00000000080048bc                HAL_UART_MspInit
 .text.HAL_PCD_MspInit
                0x0000000008004950       0x40 ./Core/Src/stm32f3xx_hal_msp.o
                0x0000000008004950                HAL_PCD_MspInit
 .text.NMI_Handler
                0x0000000008004990        0xe ./Core/Src/stm32f3xx_it.o
                0x0000000008004990                NMI_Handler
 .text.HardFault_Handler
                0x000000000800499e        0x6 ./Core/Src/stm32f3xx_it.o
                0x000000000800499e                HardFault_Handler
 .text.MemManage_Handler
                0x00000000080049a4        0x6 ./Core/Src/stm32f3xx_it.o
                0x00000000080049a4                MemManage_Handler
 .text.BusFault_Handler
                0x00000000080049aa        0x6 ./Core/Src/stm32f3xx_it.o
                0x00000000080049aa                BusFault_Handler
 .text.UsageFault_Handler
                0x00000000080049b0        0x6 ./Core/Src/stm32f3xx_it.o
                0x00000000080049b0                UsageFault_Handler
 .text.SVC_Handler
                0x00000000080049b6        0xe ./Core/Src/stm32f3xx_it.o
                0x00000000080049b6                SVC_Handler
 .text.DebugMon_Handler
                0x00000000080049c4        0xe ./Core/Src/stm32f3xx_it.o
                0x00000000080049c4                DebugMon_Handler
 .text.PendSV_Handler
                0x00000000080049d2        0xe ./Core/Src/stm32f3xx_it.o
                0x00000000080049d2                PendSV_Handler
 .text.SysTick_Handler
                0x00000000080049e0        0xc ./Core/Src/stm32f3xx_it.o
                0x00000000080049e0                SysTick_Handler
 .text.TIM2_IRQHandler
                0x00000000080049ec       0x1c ./Core/Src/stm32f3xx_it.o
                0x00000000080049ec                TIM2_IRQHandler
 .text.USART2_IRQHandler
                0x0000000008004a08       0x14 ./Core/Src/stm32f3xx_it.o
                0x0000000008004a08                USART2_IRQHandler
 .text.DMA2_Channel1_IRQHandler
                0x0000000008004a1c       0x14 ./Core/Src/stm32f3xx_it.o
                0x0000000008004a1c                DMA2_Channel1_IRQHandler
 .text._sbrk    0x0000000008004a30       0x58 ./Core/Src/sysmem.o
                0x0000000008004a30                _sbrk
 .text.SystemInit
                0x0000000008004a88       0x2c ./Core/Src/system_stm32f3xx.o
                0x0000000008004a88                SystemInit
 .text.Reset_Handler
                0x0000000008004ab4       0x50 ./Core/Startup/startup_stm32f303retx.o
                0x0000000008004ab4                Reset_Handler
 .text.Default_Handler
                0x0000000008004b04        0x2 ./Core/Startup/startup_stm32f303retx.o
                0x0000000008004b04                RTC_Alarm_IRQHandler
                0x0000000008004b04                TIM8_TRG_COM_IRQHandler
                0x0000000008004b04                TIM8_CC_IRQHandler
                0x0000000008004b04                SPI4_IRQHandler
                0x0000000008004b04                TIM1_CC_IRQHandler
                0x0000000008004b04                USB_HP_IRQHandler
                0x0000000008004b04                PVD_IRQHandler
                0x0000000008004b04                TAMP_STAMP_IRQHandler
                0x0000000008004b04                EXTI3_IRQHandler
                0x0000000008004b04                I2C3_ER_IRQHandler
                0x0000000008004b04                USB_HP_CAN_TX_IRQHandler
                0x0000000008004b04                EXTI0_IRQHandler
                0x0000000008004b04                I2C2_EV_IRQHandler
                0x0000000008004b04                FPU_IRQHandler
                0x0000000008004b04                TIM1_UP_TIM16_IRQHandler
                0x0000000008004b04                ADC1_2_IRQHandler
                0x0000000008004b04                SPI1_IRQHandler
                0x0000000008004b04                CAN_SCE_IRQHandler
                0x0000000008004b04                TIM6_DAC_IRQHandler
                0x0000000008004b04                TIM8_UP_IRQHandler
                0x0000000008004b04                DMA2_Channel2_IRQHandler
                0x0000000008004b04                DMA1_Channel4_IRQHandler
                0x0000000008004b04                TIM20_TRG_COM_IRQHandler
                0x0000000008004b04                USART3_IRQHandler
                0x0000000008004b04                DMA1_Channel7_IRQHandler
                0x0000000008004b04                UART5_IRQHandler
                0x0000000008004b04                ADC3_IRQHandler
                0x0000000008004b04                TIM4_IRQHandler
                0x0000000008004b04                CAN_RX1_IRQHandler
                0x0000000008004b04                I2C1_EV_IRQHandler
                0x0000000008004b04                DMA1_Channel6_IRQHandler
                0x0000000008004b04                UART4_IRQHandler
                0x0000000008004b04                DMA2_Channel4_IRQHandler
                0x0000000008004b04                TIM3_IRQHandler
                0x0000000008004b04                RCC_IRQHandler
                0x0000000008004b04                TIM20_UP_IRQHandler
                0x0000000008004b04                DMA1_Channel1_IRQHandler
                0x0000000008004b04                Default_Handler
                0x0000000008004b04                USBWakeUp_RMP_IRQHandler
                0x0000000008004b04                EXTI15_10_IRQHandler
                0x0000000008004b04                TIM7_IRQHandler
                0x0000000008004b04                I2C3_EV_IRQHandler
                0x0000000008004b04                EXTI9_5_IRQHandler
                0x0000000008004b04                RTC_WKUP_IRQHandler
                0x0000000008004b04                SPI2_IRQHandler
                0x0000000008004b04                USB_LP_CAN_RX0_IRQHandler
                0x0000000008004b04                DMA2_Channel5_IRQHandler
                0x0000000008004b04                DMA1_Channel5_IRQHandler
                0x0000000008004b04                USB_LP_IRQHandler
                0x0000000008004b04                EXTI4_IRQHandler
                0x0000000008004b04                TIM1_TRG_COM_TIM17_IRQHandler
                0x0000000008004b04                DMA1_Channel3_IRQHandler
                0x0000000008004b04                ADC4_IRQHandler
                0x0000000008004b04                WWDG_IRQHandler
                0x0000000008004b04                COMP7_IRQHandler
                0x0000000008004b04                COMP1_2_3_IRQHandler
                0x0000000008004b04                EXTI1_IRQHandler
                0x0000000008004b04                COMP4_5_6_IRQHandler
                0x0000000008004b04                TIM20_BRK_IRQHandler
                0x0000000008004b04                I2C2_ER_IRQHandler
                0x0000000008004b04                DMA1_Channel2_IRQHandler
                0x0000000008004b04                TIM8_BRK_IRQHandler
                0x0000000008004b04                FLASH_IRQHandler
                0x0000000008004b04                TIM20_CC_IRQHandler
                0x0000000008004b04                USART1_IRQHandler
                0x0000000008004b04                SPI3_IRQHandler
                0x0000000008004b04                I2C1_ER_IRQHandler
                0x0000000008004b04                FMC_IRQHandler
                0x0000000008004b04                USBWakeUp_IRQHandler
                0x0000000008004b04                DMA2_Channel3_IRQHandler
                0x0000000008004b04                EXTI2_TSC_IRQHandler
                0x0000000008004b04                TIM1_BRK_TIM15_IRQHandler
 *fill*         0x0000000008004b06        0x2 
 .text.HAL_Init
                0x0000000008004b08       0x2c ./Drivers/STM32F3xx_HAL_Driver/Src/stm32f3xx_hal.o
                0x0000000008004b08                HAL_Init
 .text.HAL_InitTick
                0x0000000008004b34       0x60 ./Drivers/STM32F3xx_HAL_Driver/Src/stm32f3xx_hal.o
                0x0000000008004b34                HAL_InitTick
 .text.HAL_IncTick
                0x0000000008004b94       0x28 ./Drivers/STM32F3xx_HAL_Driver/Src/stm32f3xx_hal.o
                0x0000000008004b94                HAL_IncTick
 .text.HAL_GetTick
                0x0000000008004bbc       0x18 ./Drivers/STM32F3xx_HAL_Driver/Src/stm32f3xx_hal.o
                0x0000000008004bbc                HAL_GetTick
 .text.HAL_Delay
                0x0000000008004bd4       0x48 ./Drivers/STM32F3xx_HAL_Driver/Src/stm32f3xx_hal.o
                0x0000000008004bd4                HAL_Delay
 .text.HAL_ADC_ConvHalfCpltCallback
                0x0000000008004c1c       0x14 ./Drivers/STM32F3xx_HAL_Driver/Src/stm32f3xx_hal_adc.o
                0x0000000008004c1c                HAL_ADC_ConvHalfCpltCallback
 .text.HAL_ADC_ErrorCallback
                0x0000000008004c30       0x14 ./Drivers/STM32F3xx_HAL_Driver/Src/stm32f3xx_hal_adc.o
                0x0000000008004c30                HAL_ADC_ErrorCallback
 .text.HAL_ADC_Init
                0x0000000008004c44      0x3f4 ./Drivers/STM32F3xx_HAL_Driver/Src/stm32f3xx_hal_adc_ex.o
                0x0000000008004c44                HAL_ADC_Init
 .text.HAL_ADC_Start_DMA
                0x0000000008005038      0x238 ./Drivers/STM32F3xx_HAL_Driver/Src/stm32f3xx_hal_adc_ex.o
                0x0000000008005038                HAL_ADC_Start_DMA
 .text.HAL_ADC_ConfigChannel
                0x0000000008005270      0x5d8 ./Drivers/STM32F3xx_HAL_Driver/Src/stm32f3xx_hal_adc_ex.o
                0x0000000008005270                HAL_ADC_ConfigChannel
 .text.ADC_DMAConvCplt
                0x0000000008005848       0x7a ./Drivers/STM32F3xx_HAL_Driver/Src/stm32f3xx_hal_adc_ex.o
 .text.ADC_DMAHalfConvCplt
                0x00000000080058c2       0x1c ./Drivers/STM32F3xx_HAL_Driver/Src/stm32f3xx_hal_adc_ex.o
 .text.ADC_DMAError
                0x00000000080058de       0x34 ./Drivers/STM32F3xx_HAL_Driver/Src/stm32f3xx_hal_adc_ex.o
 *fill*         0x0000000008005912        0x2 
 .text.ADC_Enable
                0x0000000008005914       0xbc ./Drivers/STM32F3xx_HAL_Driver/Src/stm32f3xx_hal_adc_ex.o
 .text.ADC_Disable
                0x00000000080059d0       0xbe ./Drivers/STM32F3xx_HAL_Driver/Src/stm32f3xx_hal_adc_ex.o
 *fill*         0x0000000008005a8e        0x2 
 .text.__NVIC_SetPriorityGrouping
                0x0000000008005a90       0x48 ./Drivers/STM32F3xx_HAL_Driver/Src/stm32f3xx_hal_cortex.o
 .text.__NVIC_GetPriorityGrouping
                0x0000000008005ad8       0x1c ./Drivers/STM32F3xx_HAL_Driver/Src/stm32f3xx_hal_cortex.o
 .text.__NVIC_EnableIRQ
                0x0000000008005af4       0x3c ./Drivers/STM32F3xx_HAL_Driver/Src/stm32f3xx_hal_cortex.o
 .text.__NVIC_SetPriority
                0x0000000008005b30       0x54 ./Drivers/STM32F3xx_HAL_Driver/Src/stm32f3xx_hal_cortex.o
 .text.NVIC_EncodePriority
                0x0000000008005b84       0x66 ./Drivers/STM32F3xx_HAL_Driver/Src/stm32f3xx_hal_cortex.o
 *fill*         0x0000000008005bea        0x2 
 .text.SysTick_Config
                0x0000000008005bec       0x44 ./Drivers/STM32F3xx_HAL_Driver/Src/stm32f3xx_hal_cortex.o
 .text.HAL_NVIC_SetPriorityGrouping
                0x0000000008005c30       0x16 ./Drivers/STM32F3xx_HAL_Driver/Src/stm32f3xx_hal_cortex.o
                0x0000000008005c30                HAL_NVIC_SetPriorityGrouping
 .text.HAL_NVIC_SetPriority
                0x0000000008005c46       0x38 ./Drivers/STM32F3xx_HAL_Driver/Src/stm32f3xx_hal_cortex.o
                0x0000000008005c46                HAL_NVIC_SetPriority
 .text.HAL_NVIC_EnableIRQ
                0x0000000008005c7e       0x1c ./Drivers/STM32F3xx_HAL_Driver/Src/stm32f3xx_hal_cortex.o
                0x0000000008005c7e                HAL_NVIC_EnableIRQ
 .text.HAL_SYSTICK_Config
                0x0000000008005c9a       0x18 ./Drivers/STM32F3xx_HAL_Driver/Src/stm32f3xx_hal_cortex.o
                0x0000000008005c9a                HAL_SYSTICK_Config
 .text.HAL_DMA_Init
                0x0000000008005cb2       0x8e ./Drivers/STM32F3xx_HAL_Driver/Src/stm32f3xx_hal_dma.o
                0x0000000008005cb2                HAL_DMA_Init
 .text.HAL_DMA_Start_IT
                0x0000000008005d40       0xbe ./Drivers/STM32F3xx_HAL_Driver/Src/stm32f3xx_hal_dma.o
                0x0000000008005d40                HAL_DMA_Start_IT
 .text.HAL_DMA_Abort
                0x0000000008005dfe       0x72 ./Drivers/STM32F3xx_HAL_Driver/Src/stm32f3xx_hal_dma.o
                0x0000000008005dfe                HAL_DMA_Abort
 .text.HAL_DMA_Abort_IT
                0x0000000008005e70       0x7c ./Drivers/STM32F3xx_HAL_Driver/Src/stm32f3xx_hal_dma.o
                0x0000000008005e70                HAL_DMA_Abort_IT
 .text.HAL_DMA_IRQHandler
                0x0000000008005eec      0x146 ./Drivers/STM32F3xx_HAL_Driver/Src/stm32f3xx_hal_dma.o
                0x0000000008005eec                HAL_DMA_IRQHandler
 .text.DMA_SetConfig
                0x0000000008006032       0x5c ./Drivers/STM32F3xx_HAL_Driver/Src/stm32f3xx_hal_dma.o
 *fill*         0x000000000800608e        0x2 
 .text.DMA_CalcBaseAndBitshift
                0x0000000008006090       0x78 ./Drivers/STM32F3xx_HAL_Driver/Src/stm32f3xx_hal_dma.o
 .text.HAL_FLASH_Program
                0x0000000008006108       0xe0 ./Drivers/STM32F3xx_HAL_Driver/Src/stm32f3xx_hal_flash.o
                0x0000000008006108                HAL_FLASH_Program
 .text.HAL_FLASH_Unlock
                0x00000000080061e8       0x4c ./Drivers/STM32F3xx_HAL_Driver/Src/stm32f3xx_hal_flash.o
                0x00000000080061e8                HAL_FLASH_Unlock
 .text.HAL_FLASH_Lock
                0x0000000008006234       0x20 ./Drivers/STM32F3xx_HAL_Driver/Src/stm32f3xx_hal_flash.o
                0x0000000008006234                HAL_FLASH_Lock
 .text.FLASH_Program_HalfWord
                0x0000000008006254       0x38 ./Drivers/STM32F3xx_HAL_Driver/Src/stm32f3xx_hal_flash.o
 .text.FLASH_WaitForLastOperation
                0x000000000800628c       0x80 ./Drivers/STM32F3xx_HAL_Driver/Src/stm32f3xx_hal_flash.o
                0x000000000800628c                FLASH_WaitForLastOperation
 .text.FLASH_SetErrorCode
                0x000000000800630c       0x64 ./Drivers/STM32F3xx_HAL_Driver/Src/stm32f3xx_hal_flash.o
 .text.HAL_FLASHEx_Erase
                0x0000000008006370       0xd4 ./Drivers/STM32F3xx_HAL_Driver/Src/stm32f3xx_hal_flash_ex.o
                0x0000000008006370                HAL_FLASHEx_Erase
 .text.FLASH_MassErase
                0x0000000008006444       0x34 ./Drivers/STM32F3xx_HAL_Driver/Src/stm32f3xx_hal_flash_ex.o
 .text.FLASH_PageErase
                0x0000000008006478       0x40 ./Drivers/STM32F3xx_HAL_Driver/Src/stm32f3xx_hal_flash_ex.o
                0x0000000008006478                FLASH_PageErase
 .text.HAL_GPIO_Init
                0x00000000080064b8      0x314 ./Drivers/STM32F3xx_HAL_Driver/Src/stm32f3xx_hal_gpio.o
                0x00000000080064b8                HAL_GPIO_Init
 .text.HAL_GPIO_ReadPin
                0x00000000080067cc       0x30 ./Drivers/STM32F3xx_HAL_Driver/Src/stm32f3xx_hal_gpio.o
                0x00000000080067cc                HAL_GPIO_ReadPin
 .text.HAL_GPIO_WritePin
                0x00000000080067fc       0x30 ./Drivers/STM32F3xx_HAL_Driver/Src/stm32f3xx_hal_gpio.o
                0x00000000080067fc                HAL_GPIO_WritePin
 .text.HAL_PCD_Init
                0x000000000800682c      0x1bc ./Drivers/STM32F3xx_HAL_Driver/Src/stm32f3xx_hal_pcd.o
                0x000000000800682c                HAL_PCD_Init
 .text.HAL_RCC_OscConfig
                0x00000000080069e8      0xe2c ./Drivers/STM32F3xx_HAL_Driver/Src/stm32f3xx_hal_rcc.o
                0x00000000080069e8                HAL_RCC_OscConfig
 .text.HAL_RCC_ClockConfig
                0x0000000008007814      0x2f8 ./Drivers/STM32F3xx_HAL_Driver/Src/stm32f3xx_hal_rcc.o
                0x0000000008007814                HAL_RCC_ClockConfig
 .text.HAL_RCC_GetSysClockFreq
                0x0000000008007b0c       0xd4 ./Drivers/STM32F3xx_HAL_Driver/Src/stm32f3xx_hal_rcc.o
                0x0000000008007b0c                HAL_RCC_GetSysClockFreq
 .text.HAL_RCC_GetHCLKFreq
                0x0000000008007be0       0x18 ./Drivers/STM32F3xx_HAL_Driver/Src/stm32f3xx_hal_rcc.o
                0x0000000008007be0                HAL_RCC_GetHCLKFreq
 .text.HAL_RCC_GetPCLK1Freq
                0x0000000008007bf8       0x44 ./Drivers/STM32F3xx_HAL_Driver/Src/stm32f3xx_hal_rcc.o
                0x0000000008007bf8                HAL_RCC_GetPCLK1Freq
 .text.HAL_RCC_GetPCLK2Freq
                0x0000000008007c3c       0x44 ./Drivers/STM32F3xx_HAL_Driver/Src/stm32f3xx_hal_rcc.o
                0x0000000008007c3c                HAL_RCC_GetPCLK2Freq
 .text.HAL_RCCEx_PeriphCLKConfig
                0x0000000008007c80      0x43c ./Drivers/STM32F3xx_HAL_Driver/Src/stm32f3xx_hal_rcc_ex.o
                0x0000000008007c80                HAL_RCCEx_PeriphCLKConfig
 .text.HAL_SPI_Init
                0x00000000080080bc      0x156 ./Drivers/STM32F3xx_HAL_Driver/Src/stm32f3xx_hal_spi.o
                0x00000000080080bc                HAL_SPI_Init
 .text.HAL_SPI_Transmit
                0x0000000008008212      0x2dc ./Drivers/STM32F3xx_HAL_Driver/Src/stm32f3xx_hal_spi.o
                0x0000000008008212                HAL_SPI_Transmit
 *fill*         0x00000000080084ee        0x2 
 .text.SPI_WaitFlagStateUntilTimeout
                0x00000000080084f0      0x110 ./Drivers/STM32F3xx_HAL_Driver/Src/stm32f3xx_hal_spi.o
 .text.SPI_WaitFifoStateUntilTimeout
                0x0000000008008600      0x11c ./Drivers/STM32F3xx_HAL_Driver/Src/stm32f3xx_hal_spi.o
 .text.SPI_EndRxTxTransaction
                0x000000000800871c       0x8c ./Drivers/STM32F3xx_HAL_Driver/Src/stm32f3xx_hal_spi.o
 .text.HAL_TIM_Base_Init
                0x00000000080087a8       0xae ./Drivers/STM32F3xx_HAL_Driver/Src/stm32f3xx_hal_tim.o
                0x00000000080087a8                HAL_TIM_Base_Init
 *fill*         0x0000000008008856        0x2 
 .text.HAL_TIM_Base_Start_IT
                0x0000000008008858       0xe0 ./Drivers/STM32F3xx_HAL_Driver/Src/stm32f3xx_hal_tim.o
                0x0000000008008858                HAL_TIM_Base_Start_IT
 .text.HAL_TIM_Encoder_Init
                0x0000000008008938      0x14c ./Drivers/STM32F3xx_HAL_Driver/Src/stm32f3xx_hal_tim.o
                0x0000000008008938                HAL_TIM_Encoder_Init
 .text.HAL_TIM_Encoder_Start
                0x0000000008008a84      0x11c ./Drivers/STM32F3xx_HAL_Driver/Src/stm32f3xx_hal_tim.o
                0x0000000008008a84                HAL_TIM_Encoder_Start
 .text.HAL_TIM_IRQHandler
                0x0000000008008ba0      0x23e ./Drivers/STM32F3xx_HAL_Driver/Src/stm32f3xx_hal_tim.o
                0x0000000008008ba0                HAL_TIM_IRQHandler
 .text.HAL_TIM_ConfigClockSource
                0x0000000008008dde      0x18c ./Drivers/STM32F3xx_HAL_Driver/Src/stm32f3xx_hal_tim.o
                0x0000000008008dde                HAL_TIM_ConfigClockSource
 .text.HAL_TIM_PeriodElapsedCallback
                0x0000000008008f6a       0x14 ./Drivers/STM32F3xx_HAL_Driver/Src/stm32f3xx_hal_tim.o
                0x0000000008008f6a                HAL_TIM_PeriodElapsedCallback
 .text.HAL_TIM_OC_DelayElapsedCallback
                0x0000000008008f7e       0x14 ./Drivers/STM32F3xx_HAL_Driver/Src/stm32f3xx_hal_tim.o
                0x0000000008008f7e                HAL_TIM_OC_DelayElapsedCallback
 .text.HAL_TIM_IC_CaptureCallback
                0x0000000008008f92       0x14 ./Drivers/STM32F3xx_HAL_Driver/Src/stm32f3xx_hal_tim.o
                0x0000000008008f92                HAL_TIM_IC_CaptureCallback
 .text.HAL_TIM_PWM_PulseFinishedCallback
                0x0000000008008fa6       0x14 ./Drivers/STM32F3xx_HAL_Driver/Src/stm32f3xx_hal_tim.o
                0x0000000008008fa6                HAL_TIM_PWM_PulseFinishedCallback
 .text.HAL_TIM_TriggerCallback
                0x0000000008008fba       0x14 ./Drivers/STM32F3xx_HAL_Driver/Src/stm32f3xx_hal_tim.o
                0x0000000008008fba                HAL_TIM_TriggerCallback
 *fill*         0x0000000008008fce        0x2 
 .text.TIM_Base_SetConfig
                0x0000000008008fd0      0x13c ./Drivers/STM32F3xx_HAL_Driver/Src/stm32f3xx_hal_tim.o
                0x0000000008008fd0                TIM_Base_SetConfig
 .text.TIM_TI1_ConfigInputStage
                0x000000000800910c       0x5e ./Drivers/STM32F3xx_HAL_Driver/Src/stm32f3xx_hal_tim.o
 .text.TIM_TI2_ConfigInputStage
                0x000000000800916a       0x60 ./Drivers/STM32F3xx_HAL_Driver/Src/stm32f3xx_hal_tim.o
 .text.TIM_ITRx_SetConfig
                0x00000000080091ca       0x36 ./Drivers/STM32F3xx_HAL_Driver/Src/stm32f3xx_hal_tim.o
 .text.TIM_ETR_SetConfig
                0x0000000008009200       0x40 ./Drivers/STM32F3xx_HAL_Driver/Src/stm32f3xx_hal_tim.o
                0x0000000008009200                TIM_ETR_SetConfig
 .text.TIM_CCxChannelCmd
                0x0000000008009240       0x4a ./Drivers/STM32F3xx_HAL_Driver/Src/stm32f3xx_hal_tim.o
                0x0000000008009240                TIM_CCxChannelCmd
 *fill*         0x000000000800928a        0x2 
 .text.HAL_TIMEx_MasterConfigSynchronization
                0x000000000800928c      0x118 ./Drivers/STM32F3xx_HAL_Driver/Src/stm32f3xx_hal_tim_ex.o
                0x000000000800928c                HAL_TIMEx_MasterConfigSynchronization
 .text.HAL_TIMEx_CommutCallback
                0x00000000080093a4       0x14 ./Drivers/STM32F3xx_HAL_Driver/Src/stm32f3xx_hal_tim_ex.o
                0x00000000080093a4                HAL_TIMEx_CommutCallback
 .text.HAL_TIMEx_BreakCallback
                0x00000000080093b8       0x14 ./Drivers/STM32F3xx_HAL_Driver/Src/stm32f3xx_hal_tim_ex.o
                0x00000000080093b8                HAL_TIMEx_BreakCallback
 .text.HAL_TIMEx_Break2Callback
                0x00000000080093cc       0x14 ./Drivers/STM32F3xx_HAL_Driver/Src/stm32f3xx_hal_tim_ex.o
                0x00000000080093cc                HAL_TIMEx_Break2Callback
 .text.HAL_UART_Init
                0x00000000080093e0       0x9c ./Drivers/STM32F3xx_HAL_Driver/Src/stm32f3xx_hal_uart.o
                0x00000000080093e0                HAL_UART_Init
 .text.HAL_UART_Transmit_IT
                0x000000000800947c       0xb8 ./Drivers/STM32F3xx_HAL_Driver/Src/stm32f3xx_hal_uart.o
                0x000000000800947c                HAL_UART_Transmit_IT
 .text.HAL_UART_IRQHandler
                0x0000000008009534      0x400 ./Drivers/STM32F3xx_HAL_Driver/Src/stm32f3xx_hal_uart.o
                0x0000000008009534                HAL_UART_IRQHandler
 .text.HAL_UART_TxCpltCallback
                0x0000000008009934       0x14 ./Drivers/STM32F3xx_HAL_Driver/Src/stm32f3xx_hal_uart.o
                0x0000000008009934                HAL_UART_TxCpltCallback
 .text.HAL_UART_ErrorCallback
                0x0000000008009948       0x14 ./Drivers/STM32F3xx_HAL_Driver/Src/stm32f3xx_hal_uart.o
                0x0000000008009948                HAL_UART_ErrorCallback
 .text.HAL_UARTEx_RxEventCallback
                0x000000000800995c       0x18 ./Drivers/STM32F3xx_HAL_Driver/Src/stm32f3xx_hal_uart.o
                0x000000000800995c                HAL_UARTEx_RxEventCallback
 .text.UART_SetConfig
                0x0000000008009974      0x3ac ./Drivers/STM32F3xx_HAL_Driver/Src/stm32f3xx_hal_uart.o
                0x0000000008009974                UART_SetConfig
 .text.UART_AdvFeatureConfig
                0x0000000008009d20      0x144 ./Drivers/STM32F3xx_HAL_Driver/Src/stm32f3xx_hal_uart.o
                0x0000000008009d20                UART_AdvFeatureConfig
 .text.UART_CheckIdleState
                0x0000000008009e64       0x92 ./Drivers/STM32F3xx_HAL_Driver/Src/stm32f3xx_hal_uart.o
                0x0000000008009e64                UART_CheckIdleState
 .text.UART_WaitOnFlagUntilTimeout
                0x0000000008009ef6       0xf8 ./Drivers/STM32F3xx_HAL_Driver/Src/stm32f3xx_hal_uart.o
                0x0000000008009ef6                UART_WaitOnFlagUntilTimeout
 .text.UART_EndRxTransfer
                0x0000000008009fee       0x5e ./Drivers/STM32F3xx_HAL_Driver/Src/stm32f3xx_hal_uart.o
 .text.UART_DMAAbortOnError
                0x000000000800a04c       0x2c ./Drivers/STM32F3xx_HAL_Driver/Src/stm32f3xx_hal_uart.o
 .text.UART_TxISR_8BIT
                0x000000000800a078       0x74 ./Drivers/STM32F3xx_HAL_Driver/Src/stm32f3xx_hal_uart.o
 .text.UART_TxISR_16BIT
                0x000000000800a0ec       0x7c ./Drivers/STM32F3xx_HAL_Driver/Src/stm32f3xx_hal_uart.o
 .text.UART_EndTransmit_IT
                0x000000000800a168       0x32 ./Drivers/STM32F3xx_HAL_Driver/Src/stm32f3xx_hal_uart.o
 .text.HAL_UARTEx_WakeupCallback
                0x000000000800a19a       0x14 ./Drivers/STM32F3xx_HAL_Driver/Src/stm32f3xx_hal_uart_ex.o
                0x000000000800a19a                HAL_UARTEx_WakeupCallback
 .text.USB_DisableGlobalInt
                0x000000000800a1ae       0x36 ./Drivers/STM32F3xx_HAL_Driver/Src/stm32f3xx_ll_usb.o
                0x000000000800a1ae                USB_DisableGlobalInt
 .text.USB_DevInit
                0x000000000800a1e4       0x42 ./Drivers/STM32F3xx_HAL_Driver/Src/stm32f3xx_ll_usb.o
                0x000000000800a1e4                USB_DevInit
 *fill*         0x000000000800a226        0x2 
 .text.__errno  0x000000000800a228        0xc c:/st/stm32cubeide_1.7.0/stm32cubeide/plugins/com.st.stm32cube.ide.mcu.externaltools.gnu-tools-for-stm32.9-2020-q2-update.win32_2.0.0.202105311346/tools/bin/../lib/gcc/arm-none-eabi/9.3.1/../../../../arm-none-eabi/lib/thumb/v7e-m+fp/hard\libc_nano.a(lib_a-errno.o)
                0x000000000800a228                __errno
 .text.__libc_init_array
                0x000000000800a234       0x48 c:/st/stm32cubeide_1.7.0/stm32cubeide/plugins/com.st.stm32cube.ide.mcu.externaltools.gnu-tools-for-stm32.9-2020-q2-update.win32_2.0.0.202105311346/tools/bin/../lib/gcc/arm-none-eabi/9.3.1/../../../../arm-none-eabi/lib/thumb/v7e-m+fp/hard\libc_nano.a(lib_a-init.o)
                0x000000000800a234                __libc_init_array
 .text.memmove  0x000000000800a27c       0x34 c:/st/stm32cubeide_1.7.0/stm32cubeide/plugins/com.st.stm32cube.ide.mcu.externaltools.gnu-tools-for-stm32.9-2020-q2-update.win32_2.0.0.202105311346/tools/bin/../lib/gcc/arm-none-eabi/9.3.1/../../../../arm-none-eabi/lib/thumb/v7e-m+fp/hard\libc_nano.a(lib_a-memmove.o)
                0x000000000800a27c                memmove
 .text.memset   0x000000000800a2b0       0x10 c:/st/stm32cubeide_1.7.0/stm32cubeide/plugins/com.st.stm32cube.ide.mcu.externaltools.gnu-tools-for-stm32.9-2020-q2-update.win32_2.0.0.202105311346/tools/bin/../lib/gcc/arm-none-eabi/9.3.1/../../../../arm-none-eabi/lib/thumb/v7e-m+fp/hard\libc_nano.a(lib_a-memset.o)
                0x000000000800a2b0                memset
 .text.sprintf  0x000000000800a2c0       0x40 c:/st/stm32cubeide_1.7.0/stm32cubeide/plugins/com.st.stm32cube.ide.mcu.externaltools.gnu-tools-for-stm32.9-2020-q2-update.win32_2.0.0.202105311346/tools/bin/../lib/gcc/arm-none-eabi/9.3.1/../../../../arm-none-eabi/lib/thumb/v7e-m+fp/hard\libc_nano.a(lib_a-sprintf.o)
                0x000000000800a2c0                siprintf
                0x000000000800a2c0                sprintf
 .text.__ssputs_r
                0x000000000800a300       0xb6 c:/st/stm32cubeide_1.7.0/stm32cubeide/plugins/com.st.stm32cube.ide.mcu.externaltools.gnu-tools-for-stm32.9-2020-q2-update.win32_2.0.0.202105311346/tools/bin/../lib/gcc/arm-none-eabi/9.3.1/../../../../arm-none-eabi/lib/thumb/v7e-m+fp/hard\libc_nano.a(lib_a-nano-svfprintf.o)
                0x000000000800a300                __ssputs_r
 *fill*         0x000000000800a3b6        0x2 
 .text._svfprintf_r
                0x000000000800a3b8      0x200 c:/st/stm32cubeide_1.7.0/stm32cubeide/plugins/com.st.stm32cube.ide.mcu.externaltools.gnu-tools-for-stm32.9-2020-q2-update.win32_2.0.0.202105311346/tools/bin/../lib/gcc/arm-none-eabi/9.3.1/../../../../arm-none-eabi/lib/thumb/v7e-m+fp/hard\libc_nano.a(lib_a-nano-svfprintf.o)
                0x000000000800a3b8                _svfiprintf_r
                0x000000000800a3b8                _svfprintf_r
 .text._printf_common
                0x000000000800a5b8       0xda c:/st/stm32cubeide_1.7.0/stm32cubeide/plugins/com.st.stm32cube.ide.mcu.externaltools.gnu-tools-for-stm32.9-2020-q2-update.win32_2.0.0.202105311346/tools/bin/../lib/gcc/arm-none-eabi/9.3.1/../../../../arm-none-eabi/lib/thumb/v7e-m+fp/hard\libc_nano.a(lib_a-nano-vfprintf_i.o)
                0x000000000800a5b8                _printf_common
 *fill*         0x000000000800a692        0x2 
 .text._printf_i
                0x000000000800a694      0x24c c:/st/stm32cubeide_1.7.0/stm32cubeide/plugins/com.st.stm32cube.ide.mcu.externaltools.gnu-tools-for-stm32.9-2020-q2-update.win32_2.0.0.202105311346/tools/bin/../lib/gcc/arm-none-eabi/9.3.1/../../../../arm-none-eabi/lib/thumb/v7e-m+fp/hard\libc_nano.a(lib_a-nano-vfprintf_i.o)
                0x000000000800a694                _printf_i
 .text.memcpy   0x000000000800a8e0       0x1c c:/st/stm32cubeide_1.7.0/stm32cubeide/plugins/com.st.stm32cube.ide.mcu.externaltools.gnu-tools-for-stm32.9-2020-q2-update.win32_2.0.0.202105311346/tools/bin/../lib/gcc/arm-none-eabi/9.3.1/../../../../arm-none-eabi/lib/thumb/v7e-m+fp/hard\libc_nano.a(lib_a-memcpy-stub.o)
                0x000000000800a8e0                memcpy
 .text._free_r  0x000000000800a8fc       0xa0 c:/st/stm32cubeide_1.7.0/stm32cubeide/plugins/com.st.stm32cube.ide.mcu.externaltools.gnu-tools-for-stm32.9-2020-q2-update.win32_2.0.0.202105311346/tools/bin/../lib/gcc/arm-none-eabi/9.3.1/../../../../arm-none-eabi/lib/thumb/v7e-m+fp/hard\libc_nano.a(lib_a-nano-freer.o)
                0x000000000800a8fc                _free_r
 .text._malloc_r
                0x000000000800a99c       0xb4 c:/st/stm32cubeide_1.7.0/stm32cubeide/plugins/com.st.stm32cube.ide.mcu.externaltools.gnu-tools-for-stm32.9-2020-q2-update.win32_2.0.0.202105311346/tools/bin/../lib/gcc/arm-none-eabi/9.3.1/../../../../arm-none-eabi/lib/thumb/v7e-m+fp/hard\libc_nano.a(lib_a-nano-mallocr.o)
                0x000000000800a99c                _malloc_r
 .text._realloc_r
                0x000000000800aa50       0x4c c:/st/stm32cubeide_1.7.0/stm32cubeide/plugins/com.st.stm32cube.ide.mcu.externaltools.gnu-tools-for-stm32.9-2020-q2-update.win32_2.0.0.202105311346/tools/bin/../lib/gcc/arm-none-eabi/9.3.1/../../../../arm-none-eabi/lib/thumb/v7e-m+fp/hard\libc_nano.a(lib_a-nano-reallocr.o)
                0x000000000800aa50                _realloc_r
 .text._sbrk_r  0x000000000800aa9c       0x20 c:/st/stm32cubeide_1.7.0/stm32cubeide/plugins/com.st.stm32cube.ide.mcu.externaltools.gnu-tools-for-stm32.9-2020-q2-update.win32_2.0.0.202105311346/tools/bin/../lib/gcc/arm-none-eabi/9.3.1/../../../../arm-none-eabi/lib/thumb/v7e-m+fp/hard\libc_nano.a(lib_a-sbrkr.o)
                0x000000000800aa9c                _sbrk_r
 .text.__malloc_lock
                0x000000000800aabc        0xc c:/st/stm32cubeide_1.7.0/stm32cubeide/plugins/com.st.stm32cube.ide.mcu.externaltools.gnu-tools-for-stm32.9-2020-q2-update.win32_2.0.0.202105311346/tools/bin/../lib/gcc/arm-none-eabi/9.3.1/../../../../arm-none-eabi/lib/thumb/v7e-m+fp/hard\libc_nano.a(lib_a-mlock.o)
                0x000000000800aabc                __malloc_lock
 .text.__malloc_unlock
                0x000000000800aac8        0xc c:/st/stm32cubeide_1.7.0/stm32cubeide/plugins/com.st.stm32cube.ide.mcu.externaltools.gnu-tools-for-stm32.9-2020-q2-update.win32_2.0.0.202105311346/tools/bin/../lib/gcc/arm-none-eabi/9.3.1/../../../../arm-none-eabi/lib/thumb/v7e-m+fp/hard\libc_nano.a(lib_a-mlock.o)
                0x000000000800aac8                __malloc_unlock
 .text._malloc_usable_size_r
                0x000000000800aad4       0x10 c:/st/stm32cubeide_1.7.0/stm32cubeide/plugins/com.st.stm32cube.ide.mcu.externaltools.gnu-tools-for-stm32.9-2020-q2-update.win32_2.0.0.202105311346/tools/bin/../lib/gcc/arm-none-eabi/9.3.1/../../../../arm-none-eabi/lib/thumb/v7e-m+fp/hard\libc_nano.a(lib_a-nano-msizer.o)
                0x000000000800aad4                _malloc_usable_size_r
 .text.__retarget_lock_acquire_recursive
                0x000000000800aae4        0x2 c:/st/stm32cubeide_1.7.0/stm32cubeide/plugins/com.st.stm32cube.ide.mcu.externaltools.gnu-tools-for-stm32.9-2020-q2-update.win32_2.0.0.202105311346/tools/bin/../lib/gcc/arm-none-eabi/9.3.1/../../../../arm-none-eabi/lib/thumb/v7e-m+fp/hard\libc_nano.a(lib_a-lock.o)
                0x000000000800aae4                __retarget_lock_acquire_recursive
 .text.__retarget_lock_release_recursive
                0x000000000800aae6        0x2 c:/st/stm32cubeide_1.7.0/stm32cubeide/plugins/com.st.stm32cube.ide.mcu.externaltools.gnu-tools-for-stm32.9-2020-q2-update.win32_2.0.0.202105311346/tools/bin/../lib/gcc/arm-none-eabi/9.3.1/../../../../arm-none-eabi/lib/thumb/v7e-m+fp/hard\libc_nano.a(lib_a-lock.o)
                0x000000000800aae6                __retarget_lock_release_recursive
 *(.glue_7)
 .glue_7        0x000000000800aae8        0x0 linker stubs
 *(.glue_7t)
 .glue_7t       0x000000000800aae8        0x0 linker stubs
 *(.eh_frame)
 .eh_frame      0x000000000800aae8        0x0 c:/st/stm32cubeide_1.7.0/stm32cubeide/plugins/com.st.stm32cube.ide.mcu.externaltools.gnu-tools-for-stm32.9-2020-q2-update.win32_2.0.0.202105311346/tools/bin/../lib/gcc/arm-none-eabi/9.3.1/thumb/v7e-m+fp/hard/crtbegin.o
 *(.init)
 .init          0x000000000800aae8        0x4 c:/st/stm32cubeide_1.7.0/stm32cubeide/plugins/com.st.stm32cube.ide.mcu.externaltools.gnu-tools-for-stm32.9-2020-q2-update.win32_2.0.0.202105311346/tools/bin/../lib/gcc/arm-none-eabi/9.3.1/thumb/v7e-m+fp/hard/crti.o
                0x000000000800aae8                _init
 .init          0x000000000800aaec        0x8 c:/st/stm32cubeide_1.7.0/stm32cubeide/plugins/com.st.stm32cube.ide.mcu.externaltools.gnu-tools-for-stm32.9-2020-q2-update.win32_2.0.0.202105311346/tools/bin/../lib/gcc/arm-none-eabi/9.3.1/thumb/v7e-m+fp/hard/crtn.o
 *(.fini)
 .fini          0x000000000800aaf4        0x4 c:/st/stm32cubeide_1.7.0/stm32cubeide/plugins/com.st.stm32cube.ide.mcu.externaltools.gnu-tools-for-stm32.9-2020-q2-update.win32_2.0.0.202105311346/tools/bin/../lib/gcc/arm-none-eabi/9.3.1/thumb/v7e-m+fp/hard/crti.o
                0x000000000800aaf4                _fini
 .fini          0x000000000800aaf8        0x8 c:/st/stm32cubeide_1.7.0/stm32cubeide/plugins/com.st.stm32cube.ide.mcu.externaltools.gnu-tools-for-stm32.9-2020-q2-update.win32_2.0.0.202105311346/tools/bin/../lib/gcc/arm-none-eabi/9.3.1/thumb/v7e-m+fp/hard/crtn.o
                0x000000000800ab00                . = ALIGN (0x4)
                0x000000000800ab00                _etext = .

.vfp11_veneer   0x000000000800ab00        0x0
 .vfp11_veneer  0x000000000800ab00        0x0 linker stubs

.v4_bx          0x000000000800ab00        0x0
 .v4_bx         0x000000000800ab00        0x0 linker stubs

.iplt           0x000000000800ab00        0x0
 .iplt          0x000000000800ab00        0x0 c:/st/stm32cubeide_1.7.0/stm32cubeide/plugins/com.st.stm32cube.ide.mcu.externaltools.gnu-tools-for-stm32.9-2020-q2-update.win32_2.0.0.202105311346/tools/bin/../lib/gcc/arm-none-eabi/9.3.1/thumb/v7e-m+fp/hard/crtbegin.o

.rodata         0x000000000800ab00      0x89c
                0x000000000800ab00                . = ALIGN (0x4)
 *(.rodata)
 .rodata        0x000000000800ab00      0x23d ./Core/Src/main.o
 *(.rodata*)
 *fill*         0x000000000800ad3d        0x3 
 .rodata.Font6x8
                0x000000000800ad40      0x5f0 ./Core/Src/ssd1306_fonts.o
 .rodata.AHBPrescTable
                0x000000000800b330       0x10 ./Core/Src/system_stm32f3xx.o
                0x000000000800b330                AHBPrescTable
 .rodata.APBPrescTable
                0x000000000800b340        0x8 ./Core/Src/system_stm32f3xx.o
                0x000000000800b340                APBPrescTable
 .rodata.aPLLMULFactorTable
                0x000000000800b348       0x10 ./Drivers/STM32F3xx_HAL_Driver/Src/stm32f3xx_hal_rcc.o
                0x000000000800b348                aPLLMULFactorTable
 .rodata.aPredivFactorTable
                0x000000000800b358       0x10 ./Drivers/STM32F3xx_HAL_Driver/Src/stm32f3xx_hal_rcc.o
                0x000000000800b358                aPredivFactorTable
 .rodata._svfprintf_r.str1.1
                0x000000000800b368       0x11 c:/st/stm32cubeide_1.7.0/stm32cubeide/plugins/com.st.stm32cube.ide.mcu.externaltools.gnu-tools-for-stm32.9-2020-q2-update.win32_2.0.0.202105311346/tools/bin/../lib/gcc/arm-none-eabi/9.3.1/../../../../arm-none-eabi/lib/thumb/v7e-m+fp/hard\libc_nano.a(lib_a-nano-svfprintf.o)
 .rodata._printf_i.str1.1
                0x000000000800b379       0x22 c:/st/stm32cubeide_1.7.0/stm32cubeide/plugins/com.st.stm32cube.ide.mcu.externaltools.gnu-tools-for-stm32.9-2020-q2-update.win32_2.0.0.202105311346/tools/bin/../lib/gcc/arm-none-eabi/9.3.1/../../../../arm-none-eabi/lib/thumb/v7e-m+fp/hard\libc_nano.a(lib_a-nano-vfprintf_i.o)
                0x000000000800b39c                . = ALIGN (0x4)
 *fill*         0x000000000800b39b        0x1 

.rel.dyn        0x000000000800b39c        0x0
 .rel.iplt      0x000000000800b39c        0x0 c:/st/stm32cubeide_1.7.0/stm32cubeide/plugins/com.st.stm32cube.ide.mcu.externaltools.gnu-tools-for-stm32.9-2020-q2-update.win32_2.0.0.202105311346/tools/bin/../lib/gcc/arm-none-eabi/9.3.1/thumb/v7e-m+fp/hard/crtbegin.o

.ARM.extab      0x000000000800b39c        0x0
                0x000000000800b39c                . = ALIGN (0x4)
 *(.ARM.extab* .gnu.linkonce.armextab.*)
                0x000000000800b39c                . = ALIGN (0x4)

.ARM            0x000000000800b39c        0x0
                0x000000000800b39c                . = ALIGN (0x4)
                0x000000000800b39c                __exidx_start = .
 *(.ARM.exidx*)
                0x000000000800b39c                __exidx_end = .
                0x000000000800b39c                . = ALIGN (0x4)

.preinit_array  0x000000000800b39c        0x0
                0x000000000800b39c                . = ALIGN (0x4)
                0x000000000800b39c                PROVIDE (__preinit_array_start = .)
 *(.preinit_array*)
                0x000000000800b39c                PROVIDE (__preinit_array_end = .)
                0x000000000800b39c                . = ALIGN (0x4)

.init_array     0x000000000800b39c        0x4
                0x000000000800b39c                . = ALIGN (0x4)
                0x000000000800b39c                PROVIDE (__init_array_start = .)
 *(SORT_BY_NAME(.init_array.*))
 *(.init_array*)
 .init_array    0x000000000800b39c        0x4 c:/st/stm32cubeide_1.7.0/stm32cubeide/plugins/com.st.stm32cube.ide.mcu.externaltools.gnu-tools-for-stm32.9-2020-q2-update.win32_2.0.0.202105311346/tools/bin/../lib/gcc/arm-none-eabi/9.3.1/thumb/v7e-m+fp/hard/crtbegin.o
                0x000000000800b3a0                PROVIDE (__init_array_end = .)
                0x000000000800b3a0                . = ALIGN (0x4)

.fini_array     0x000000000800b3a0        0x4
                0x000000000800b3a0                . = ALIGN (0x4)
                [!provide]                        PROVIDE (__fini_array_start = .)
 *(SORT_BY_NAME(.fini_array.*))
 *(.fini_array*)
 .fini_array    0x000000000800b3a0        0x4 c:/st/stm32cubeide_1.7.0/stm32cubeide/plugins/com.st.stm32cube.ide.mcu.externaltools.gnu-tools-for-stm32.9-2020-q2-update.win32_2.0.0.202105311346/tools/bin/../lib/gcc/arm-none-eabi/9.3.1/thumb/v7e-m+fp/hard/crtbegin.o
                [!provide]                        PROVIDE (__fini_array_end = .)
                0x000000000800b3a4                . = ALIGN (0x4)
                0x000000000800b3a4                _sidata = LOADADDR (.data)

.data           0x0000000020000000       0x9c load address 0x000000000800b3a4
                0x0000000020000000                . = ALIGN (0x4)
                0x0000000020000000                _sdata = .
 *(.data)
 *(.data*)
 .data.flashAddr
                0x0000000020000000        0x4 ./Core/Src/main.o
                0x0000000020000000                flashAddr
 .data.rot_enc_table.10532
                0x0000000020000004       0x10 ./Core/Src/main.o
 .data.rot_enc_table.10541
                0x0000000020000014       0x10 ./Core/Src/main.o
 .data.Font_6x8
                0x0000000020000024        0x8 ./Core/Src/ssd1306_fonts.o
                0x0000000020000024                Font_6x8
 .data.SystemCoreClock
                0x000000002000002c        0x4 ./Core/Src/system_stm32f3xx.o
                0x000000002000002c                SystemCoreClock
 .data.uwTickPrio
                0x0000000020000030        0x4 ./Drivers/STM32F3xx_HAL_Driver/Src/stm32f3xx_hal.o
                0x0000000020000030                uwTickPrio
 .data.uwTickFreq
                0x0000000020000034        0x1 ./Drivers/STM32F3xx_HAL_Driver/Src/stm32f3xx_hal.o
                0x0000000020000034                uwTickFreq
 *fill*         0x0000000020000035        0x3 
 .data._impure_ptr
                0x0000000020000038        0x4 c:/st/stm32cubeide_1.7.0/stm32cubeide/plugins/com.st.stm32cube.ide.mcu.externaltools.gnu-tools-for-stm32.9-2020-q2-update.win32_2.0.0.202105311346/tools/bin/../lib/gcc/arm-none-eabi/9.3.1/../../../../arm-none-eabi/lib/thumb/v7e-m+fp/hard\libc_nano.a(lib_a-impure.o)
                0x0000000020000038                _impure_ptr
 .data.impure_data
                0x000000002000003c       0x60 c:/st/stm32cubeide_1.7.0/stm32cubeide/plugins/com.st.stm32cube.ide.mcu.externaltools.gnu-tools-for-stm32.9-2020-q2-update.win32_2.0.0.202105311346/tools/bin/../lib/gcc/arm-none-eabi/9.3.1/../../../../arm-none-eabi/lib/thumb/v7e-m+fp/hard\libc_nano.a(lib_a-impure.o)
                0x000000002000009c                . = ALIGN (0x4)
                0x000000002000009c                _edata = .

.igot.plt       0x000000002000009c        0x0 load address 0x000000000800b440
 .igot.plt      0x000000002000009c        0x0 c:/st/stm32cubeide_1.7.0/stm32cubeide/plugins/com.st.stm32cube.ide.mcu.externaltools.gnu-tools-for-stm32.9-2020-q2-update.win32_2.0.0.202105311346/tools/bin/../lib/gcc/arm-none-eabi/9.3.1/thumb/v7e-m+fp/hard/crtbegin.o
                0x000000002000009c                . = ALIGN (0x4)

.bss            0x00000000200000a0     0x19a8 load address 0x000000000800b440
                0x00000000200000a0                _sbss = .
                0x00000000200000a0                __bss_start__ = _sbss
 *(.bss)
 .bss           0x00000000200000a0       0x1c c:/st/stm32cubeide_1.7.0/stm32cubeide/plugins/com.st.stm32cube.ide.mcu.externaltools.gnu-tools-for-stm32.9-2020-q2-update.win32_2.0.0.202105311346/tools/bin/../lib/gcc/arm-none-eabi/9.3.1/thumb/v7e-m+fp/hard/crtbegin.o
 *(.bss*)
 .bss.prevNextCode
                0x00000000200000bc        0x1 ./Core/Src/main.o
                0x00000000200000bc                prevNextCode
 *fill*         0x00000000200000bd        0x1 
 .bss.store     0x00000000200000be        0x2 ./Core/Src/main.o
                0x00000000200000be                store
 .bss.prevNextCodeRoll
                0x00000000200000c0        0x1 ./Core/Src/main.o
                0x00000000200000c0                prevNextCodeRoll
 *fill*         0x00000000200000c1        0x1 
 .bss.storeRoll
                0x00000000200000c2        0x2 ./Core/Src/main.o
                0x00000000200000c2                storeRoll
 .bss.channel1  0x00000000200000c4        0x4 ./Core/Src/main.o
                0x00000000200000c4                channel1
 .bss.channel2  0x00000000200000c8        0x4 ./Core/Src/main.o
                0x00000000200000c8                channel2
 .bss.channel3  0x00000000200000cc        0x4 ./Core/Src/main.o
                0x00000000200000cc                channel3
 .bss.channel4  0x00000000200000d0        0x4 ./Core/Src/main.o
                0x00000000200000d0                channel4
 .bss.channel5  0x00000000200000d4        0x4 ./Core/Src/main.o
                0x00000000200000d4                channel5
 .bss.channel6  0x00000000200000d8        0x4 ./Core/Src/main.o
                0x00000000200000d8                channel6
 .bss.samplingCount
                0x00000000200000dc        0x2 ./Core/Src/main.o
                0x00000000200000dc                samplingCount
 *fill*         0x00000000200000de        0x2 
 .bss.SSD1306_Buffer
                0x00000000200000e0      0x400 ./Core/Src/ssd1306.o
 .bss.SSD1306   0x00000000200004e0        0x6 ./Core/Src/ssd1306.o
 *fill*         0x00000000200004e6        0x2 
 .bss.heap_end.6585
                0x00000000200004e8        0x4 ./Core/Src/sysmem.o
 .bss.__malloc_free_list
                0x00000000200004ec        0x4 c:/st/stm32cubeide_1.7.0/stm32cubeide/plugins/com.st.stm32cube.ide.mcu.externaltools.gnu-tools-for-stm32.9-2020-q2-update.win32_2.0.0.202105311346/tools/bin/../lib/gcc/arm-none-eabi/9.3.1/../../../../arm-none-eabi/lib/thumb/v7e-m+fp/hard\libc_nano.a(lib_a-nano-mallocr.o)
                0x00000000200004ec                __malloc_free_list
 .bss.__malloc_sbrk_start
                0x00000000200004f0        0x4 c:/st/stm32cubeide_1.7.0/stm32cubeide/plugins/com.st.stm32cube.ide.mcu.externaltools.gnu-tools-for-stm32.9-2020-q2-update.win32_2.0.0.202105311346/tools/bin/../lib/gcc/arm-none-eabi/9.3.1/../../../../arm-none-eabi/lib/thumb/v7e-m+fp/hard\libc_nano.a(lib_a-nano-mallocr.o)
                0x00000000200004f0                __malloc_sbrk_start
 *(COMMON)
 COMMON         0x00000000200004f4     0x1520 ./Core/Src/main.o
                0x00000000200004f4                lastTiltEncoderValue
                0x00000000200004f8                testValue
                0x00000000200004fc                joystickMax
                0x0000000020000500                hspi2
                0x0000000020000564                PTSetting
                0x0000000020000566                focusRawValue
                0x0000000020000568                panPressed
                0x000000002000056c                htim8
                0x00000000200005b8                rollValue
                0x00000000200005ba                zoomRawValue
                0x00000000200005bc                focusDisplayValue
                0x00000000200005c0                hadc2
                0x0000000020000610                rollStatus
                0x0000000020000611                menuItem
                0x0000000020000612                tiltValue
                0x0000000020000614                focusPressed
                0x0000000020000616                rollCalValue
                0x0000000020000618                headData
                0x000000002000062c                joystickCenter
                0x000000002000062e                zoomAvgDisplay
                0x0000000020000630                zoomBarValue
                0x0000000020000631                rollPressed
                0x0000000020000634                testBuffer
                0x00000000200006fc                focusCalValue
                0x00000000200006fe                prevRollValue
                0x0000000020000700                focusAvgValue
                0x0000000020000704                avgPanData
                0x00000000200007cc                zoomAvgValue
                0x00000000200007d0                panEncoderPinAPrev
                0x00000000200007d4                htim3
                0x0000000020000820                menuSetting
                0x0000000020000824                avgZoomData
                0x00000000200008ec                menuPressed
                0x00000000200008ee                panAvgDisplay
                0x00000000200008f0                zoomValue
                0x00000000200008f2                rollSamplingValue
                0x00000000200008f4                avgTiltData
                0x00000000200009bc                tiltPressed
                0x00000000200009c0                rollAvgValue
                0x00000000200009c4                tiltOffset
                0x00000000200009c6                rollRawValue
                0x00000000200009c8                zoomDisplayValue
                0x00000000200009ca                joystickMin
                0x00000000200009cc                tiltSense
                0x00000000200009cd                val
                0x00000000200009ce                rollAvgDisplay
                0x00000000200009d0                prevZoomValue
                0x00000000200009d2                tiltCalValue
                0x00000000200009d4                calibrationStart
                0x00000000200009d6                gainSetting
                0x00000000200009d7                calStatus
                0x00000000200009d8                count_zoom
                0x00000000200009da                c
                0x00000000200009dc                dataTX
                0x00000000200009eb                auxPressed
                0x00000000200009ec                tiltAvgValue
                0x00000000200009f0                count_pan
                0x00000000200009f4                rawTick
                0x0000000020000abc                tickCount
                0x0000000020000abe                count_roll
                0x0000000020000ac0                htim1
                0x0000000020000b0c                tiltRawValue
                0x0000000020000b10                PTRgain
                0x0000000020000b14                prevTiltValue
                0x0000000020000b16                zoomEncoderReset
                0x0000000020000b18                focusSamplingValue
                0x0000000020000b1c                zoomCalFactor
                0x0000000020000b20                panOffset
                0x0000000020000b22                zoomCalValue
                0x0000000020000b24                focusAvgDisplay
                0x0000000020000b26                tiltSamplingValue
                0x0000000020000b28                panDBcenter
                0x0000000020000b2c                lastZoomEncoderValue
                0x0000000020000b30                panRawValue
                0x0000000020000b32                panDisplayValue
                0x0000000020000b34                adc_buf
                0x0000000020001304                count_tilt
                0x0000000020001308                htim2
                0x0000000020001354                tiltAvgDisplay
                0x0000000020001356                menuPage
                0x0000000020001357                zoomPressed
                0x0000000020001358                panSamplingValue
                0x000000002000135a                panCalValue
                0x000000002000135c                configData
                0x00000000200013b0                huart2
                0x0000000020001434                hdma_adc2
                0x0000000020001478                prevPanValue
                0x000000002000147a                count_focus
                0x000000002000147c                panAvgValue
                0x0000000020001480                zoomSamplingValue
                0x0000000020001484                avgTick
                0x000000002000154c                hpcd_USB_FS
                0x0000000020001838                avgRollData
                0x0000000020001900                rollDisplayValue
                0x0000000020001904                adcValue
                0x0000000020001918                avgFocusData
                0x00000000200019e0                tiltDisplayValue
                0x00000000200019e2                prevFocusValue
                0x00000000200019e4                focusBarValue
                0x00000000200019e5                panDBsize
                0x00000000200019e6                calCount
                0x00000000200019e8                zoomOffset
                0x00000000200019ea                panValue
                0x00000000200019ec                displayBuff
 COMMON         0x0000000020001a14        0x4 ./Drivers/STM32F3xx_HAL_Driver/Src/stm32f3xx_hal.o
                0x0000000020001a14                uwTick
 COMMON         0x0000000020001a18       0x20 ./Drivers/STM32F3xx_HAL_Driver/Src/stm32f3xx_hal_flash.o
                0x0000000020001a18                pFlash
 COMMON         0x0000000020001a38        0x4 c:/st/stm32cubeide_1.7.0/stm32cubeide/plugins/com.st.stm32cube.ide.mcu.externaltools.gnu-tools-for-stm32.9-2020-q2-update.win32_2.0.0.202105311346/tools/bin/../lib/gcc/arm-none-eabi/9.3.1/../../../../arm-none-eabi/lib/thumb/v7e-m+fp/hard\libc_nano.a(lib_a-reent.o)
                0x0000000020001a38                errno
 COMMON         0x0000000020001a3c        0x9 c:/st/stm32cubeide_1.7.0/stm32cubeide/plugins/com.st.stm32cube.ide.mcu.externaltools.gnu-tools-for-stm32.9-2020-q2-update.win32_2.0.0.202105311346/tools/bin/../lib/gcc/arm-none-eabi/9.3.1/../../../../arm-none-eabi/lib/thumb/v7e-m+fp/hard\libc_nano.a(lib_a-lock.o)
                0x0000000020001a3c                __lock___atexit_recursive_mutex
                0x0000000020001a3d                __lock___arc4random_mutex
                0x0000000020001a3e                __lock___env_recursive_mutex
                0x0000000020001a3f                __lock___sinit_recursive_mutex
                0x0000000020001a40                __lock___malloc_recursive_mutex
                0x0000000020001a41                __lock___at_quick_exit_mutex
                0x0000000020001a42                __lock___dd_hash_mutex
                0x0000000020001a43                __lock___tz_mutex
                0x0000000020001a44                __lock___sfp_recursive_mutex
                0x0000000020001a48                . = ALIGN (0x4)
 *fill*         0x0000000020001a45        0x3 
                0x0000000020001a48                _ebss = .
                0x0000000020001a48                __bss_end__ = _ebss

._user_heap_stack
                0x0000000020001a48      0x600 load address 0x000000000800b440
                0x0000000020001a48                . = ALIGN (0x8)
                0x0000000020001a48                PROVIDE (end = .)
                [!provide]                        PROVIDE (_end = .)
                0x0000000020001c48                . = (. + _Min_Heap_Size)
 *fill*         0x0000000020001a48      0x200 
                0x0000000020002048                . = (. + _Min_Stack_Size)
 *fill*         0x0000000020001c48      0x400 
                0x0000000020002048                . = ALIGN (0x8)

/DISCARD/
 libc.a(*)
 libm.a(*)
 libgcc.a(*)

.ARM.attributes
                0x0000000000000000       0x30
 *(.ARM.attributes)
 .ARM.attributes
                0x0000000000000000       0x1e c:/st/stm32cubeide_1.7.0/stm32cubeide/plugins/com.st.stm32cube.ide.mcu.externaltools.gnu-tools-for-stm32.9-2020-q2-update.win32_2.0.0.202105311346/tools/bin/../lib/gcc/arm-none-eabi/9.3.1/thumb/v7e-m+fp/hard/crti.o
 .ARM.attributes
                0x000000000000001e       0x34 c:/st/stm32cubeide_1.7.0/stm32cubeide/plugins/com.st.stm32cube.ide.mcu.externaltools.gnu-tools-for-stm32.9-2020-q2-update.win32_2.0.0.202105311346/tools/bin/../lib/gcc/arm-none-eabi/9.3.1/thumb/v7e-m+fp/hard/crtbegin.o
 .ARM.attributes
                0x0000000000000052       0x34 ./Core/Src/main.o
 .ARM.attributes
                0x0000000000000086       0x34 ./Core/Src/ssd1306.o
 .ARM.attributes
                0x00000000000000ba       0x39 ./Core/Src/ssd1306_fonts.o
 .ARM.attributes
                0x00000000000000f3       0x34 ./Core/Src/stm32f3xx_hal_msp.o
 .ARM.attributes
                0x0000000000000127       0x34 ./Core/Src/stm32f3xx_it.o
 .ARM.attributes
                0x000000000000015b       0x34 ./Core/Src/sysmem.o
 .ARM.attributes
                0x000000000000018f       0x34 ./Core/Src/system_stm32f3xx.o
 .ARM.attributes
                0x00000000000001c3       0x21 ./Core/Startup/startup_stm32f303retx.o
 .ARM.attributes
                0x00000000000001e4       0x34 ./Drivers/STM32F3xx_HAL_Driver/Src/stm32f3xx_hal.o
 .ARM.attributes
                0x0000000000000218       0x34 ./Drivers/STM32F3xx_HAL_Driver/Src/stm32f3xx_hal_adc.o
 .ARM.attributes
                0x000000000000024c       0x34 ./Drivers/STM32F3xx_HAL_Driver/Src/stm32f3xx_hal_adc_ex.o
 .ARM.attributes
                0x0000000000000280       0x34 ./Drivers/STM32F3xx_HAL_Driver/Src/stm32f3xx_hal_cortex.o
 .ARM.attributes
                0x00000000000002b4       0x34 ./Drivers/STM32F3xx_HAL_Driver/Src/stm32f3xx_hal_dma.o
 .ARM.attributes
                0x00000000000002e8       0x34 ./Drivers/STM32F3xx_HAL_Driver/Src/stm32f3xx_hal_flash.o
 .ARM.attributes
                0x000000000000031c       0x34 ./Drivers/STM32F3xx_HAL_Driver/Src/stm32f3xx_hal_flash_ex.o
 .ARM.attributes
                0x0000000000000350       0x34 ./Drivers/STM32F3xx_HAL_Driver/Src/stm32f3xx_hal_gpio.o
 .ARM.attributes
                0x0000000000000384       0x34 ./Drivers/STM32F3xx_HAL_Driver/Src/stm32f3xx_hal_pcd.o
 .ARM.attributes
                0x00000000000003b8       0x34 ./Drivers/STM32F3xx_HAL_Driver/Src/stm32f3xx_hal_rcc.o
 .ARM.attributes
                0x00000000000003ec       0x34 ./Drivers/STM32F3xx_HAL_Driver/Src/stm32f3xx_hal_rcc_ex.o
 .ARM.attributes
                0x0000000000000420       0x34 ./Drivers/STM32F3xx_HAL_Driver/Src/stm32f3xx_hal_spi.o
 .ARM.attributes
                0x0000000000000454       0x34 ./Drivers/STM32F3xx_HAL_Driver/Src/stm32f3xx_hal_tim.o
 .ARM.attributes
                0x0000000000000488       0x34 ./Drivers/STM32F3xx_HAL_Driver/Src/stm32f3xx_hal_tim_ex.o
 .ARM.attributes
                0x00000000000004bc       0x34 ./Drivers/STM32F3xx_HAL_Driver/Src/stm32f3xx_hal_uart.o
 .ARM.attributes
                0x00000000000004f0       0x34 ./Drivers/STM32F3xx_HAL_Driver/Src/stm32f3xx_hal_uart_ex.o
 .ARM.attributes
                0x0000000000000524       0x34 ./Drivers/STM32F3xx_HAL_Driver/Src/stm32f3xx_ll_usb.o
 .ARM.attributes
                0x0000000000000558       0x34 c:/st/stm32cubeide_1.7.0/stm32cubeide/plugins/com.st.stm32cube.ide.mcu.externaltools.gnu-tools-for-stm32.9-2020-q2-update.win32_2.0.0.202105311346/tools/bin/../lib/gcc/arm-none-eabi/9.3.1/../../../../arm-none-eabi/lib/thumb/v7e-m+fp/hard\libc_nano.a(lib_a-errno.o)
 .ARM.attributes
                0x000000000000058c       0x32 c:/st/stm32cubeide_1.7.0/stm32cubeide/plugins/com.st.stm32cube.ide.mcu.externaltools.gnu-tools-for-stm32.9-2020-q2-update.win32_2.0.0.202105311346/tools/bin/../lib/gcc/arm-none-eabi/9.3.1/../../../../arm-none-eabi/lib/thumb/v7e-m+fp/hard\libc_nano.a(lib_a-impure.o)
 .ARM.attributes
                0x00000000000005be       0x34 c:/st/stm32cubeide_1.7.0/stm32cubeide/plugins/com.st.stm32cube.ide.mcu.externaltools.gnu-tools-for-stm32.9-2020-q2-update.win32_2.0.0.202105311346/tools/bin/../lib/gcc/arm-none-eabi/9.3.1/../../../../arm-none-eabi/lib/thumb/v7e-m+fp/hard\libc_nano.a(lib_a-init.o)
 .ARM.attributes
                0x00000000000005f2       0x34 c:/st/stm32cubeide_1.7.0/stm32cubeide/plugins/com.st.stm32cube.ide.mcu.externaltools.gnu-tools-for-stm32.9-2020-q2-update.win32_2.0.0.202105311346/tools/bin/../lib/gcc/arm-none-eabi/9.3.1/../../../../arm-none-eabi/lib/thumb/v7e-m+fp/hard\libc_nano.a(lib_a-memmove.o)
 .ARM.attributes
                0x0000000000000626       0x34 c:/st/stm32cubeide_1.7.0/stm32cubeide/plugins/com.st.stm32cube.ide.mcu.externaltools.gnu-tools-for-stm32.9-2020-q2-update.win32_2.0.0.202105311346/tools/bin/../lib/gcc/arm-none-eabi/9.3.1/../../../../arm-none-eabi/lib/thumb/v7e-m+fp/hard\libc_nano.a(lib_a-memset.o)
 .ARM.attributes
                0x000000000000065a       0x34 c:/st/stm32cubeide_1.7.0/stm32cubeide/plugins/com.st.stm32cube.ide.mcu.externaltools.gnu-tools-for-stm32.9-2020-q2-update.win32_2.0.0.202105311346/tools/bin/../lib/gcc/arm-none-eabi/9.3.1/../../../../arm-none-eabi/lib/thumb/v7e-m+fp/hard\libc_nano.a(lib_a-sprintf.o)
 .ARM.attributes
                0x000000000000068e       0x34 c:/st/stm32cubeide_1.7.0/stm32cubeide/plugins/com.st.stm32cube.ide.mcu.externaltools.gnu-tools-for-stm32.9-2020-q2-update.win32_2.0.0.202105311346/tools/bin/../lib/gcc/arm-none-eabi/9.3.1/../../../../arm-none-eabi/lib/thumb/v7e-m+fp/hard\libc_nano.a(lib_a-nano-svfprintf.o)
 .ARM.attributes
                0x00000000000006c2       0x34 c:/st/stm32cubeide_1.7.0/stm32cubeide/plugins/com.st.stm32cube.ide.mcu.externaltools.gnu-tools-for-stm32.9-2020-q2-update.win32_2.0.0.202105311346/tools/bin/../lib/gcc/arm-none-eabi/9.3.1/../../../../arm-none-eabi/lib/thumb/v7e-m+fp/hard\libc_nano.a(lib_a-nano-vfprintf_i.o)
 .ARM.attributes
                0x00000000000006f6       0x1c c:/st/stm32cubeide_1.7.0/stm32cubeide/plugins/com.st.stm32cube.ide.mcu.externaltools.gnu-tools-for-stm32.9-2020-q2-update.win32_2.0.0.202105311346/tools/bin/../lib/gcc/arm-none-eabi/9.3.1/../../../../arm-none-eabi/lib/thumb/v7e-m+fp/hard\libc_nano.a(lib_a-memchr.o)
 .ARM.attributes
                0x0000000000000712       0x34 c:/st/stm32cubeide_1.7.0/stm32cubeide/plugins/com.st.stm32cube.ide.mcu.externaltools.gnu-tools-for-stm32.9-2020-q2-update.win32_2.0.0.202105311346/tools/bin/../lib/gcc/arm-none-eabi/9.3.1/../../../../arm-none-eabi/lib/thumb/v7e-m+fp/hard\libc_nano.a(lib_a-memcpy-stub.o)
 .ARM.attributes
                0x0000000000000746       0x34 c:/st/stm32cubeide_1.7.0/stm32cubeide/plugins/com.st.stm32cube.ide.mcu.externaltools.gnu-tools-for-stm32.9-2020-q2-update.win32_2.0.0.202105311346/tools/bin/../lib/gcc/arm-none-eabi/9.3.1/../../../../arm-none-eabi/lib/thumb/v7e-m+fp/hard\libc_nano.a(lib_a-nano-freer.o)
 .ARM.attributes
                0x000000000000077a       0x34 c:/st/stm32cubeide_1.7.0/stm32cubeide/plugins/com.st.stm32cube.ide.mcu.externaltools.gnu-tools-for-stm32.9-2020-q2-update.win32_2.0.0.202105311346/tools/bin/../lib/gcc/arm-none-eabi/9.3.1/../../../../arm-none-eabi/lib/thumb/v7e-m+fp/hard\libc_nano.a(lib_a-nano-mallocr.o)
 .ARM.attributes
                0x00000000000007ae       0x34 c:/st/stm32cubeide_1.7.0/stm32cubeide/plugins/com.st.stm32cube.ide.mcu.externaltools.gnu-tools-for-stm32.9-2020-q2-update.win32_2.0.0.202105311346/tools/bin/../lib/gcc/arm-none-eabi/9.3.1/../../../../arm-none-eabi/lib/thumb/v7e-m+fp/hard\libc_nano.a(lib_a-nano-reallocr.o)
 .ARM.attributes
                0x00000000000007e2       0x34 c:/st/stm32cubeide_1.7.0/stm32cubeide/plugins/com.st.stm32cube.ide.mcu.externaltools.gnu-tools-for-stm32.9-2020-q2-update.win32_2.0.0.202105311346/tools/bin/../lib/gcc/arm-none-eabi/9.3.1/../../../../arm-none-eabi/lib/thumb/v7e-m+fp/hard\libc_nano.a(lib_a-sbrkr.o)
 .ARM.attributes
                0x0000000000000816       0x34 c:/st/stm32cubeide_1.7.0/stm32cubeide/plugins/com.st.stm32cube.ide.mcu.externaltools.gnu-tools-for-stm32.9-2020-q2-update.win32_2.0.0.202105311346/tools/bin/../lib/gcc/arm-none-eabi/9.3.1/../../../../arm-none-eabi/lib/thumb/v7e-m+fp/hard\libc_nano.a(lib_a-mlock.o)
 .ARM.attributes
                0x000000000000084a       0x34 c:/st/stm32cubeide_1.7.0/stm32cubeide/plugins/com.st.stm32cube.ide.mcu.externaltools.gnu-tools-for-stm32.9-2020-q2-update.win32_2.0.0.202105311346/tools/bin/../lib/gcc/arm-none-eabi/9.3.1/../../../../arm-none-eabi/lib/thumb/v7e-m+fp/hard\libc_nano.a(lib_a-nano-msizer.o)
 .ARM.attributes
                0x000000000000087e       0x34 c:/st/stm32cubeide_1.7.0/stm32cubeide/plugins/com.st.stm32cube.ide.mcu.externaltools.gnu-tools-for-stm32.9-2020-q2-update.win32_2.0.0.202105311346/tools/bin/../lib/gcc/arm-none-eabi/9.3.1/../../../../arm-none-eabi/lib/thumb/v7e-m+fp/hard\libc_nano.a(lib_a-reent.o)
 .ARM.attributes
                0x00000000000008b2       0x34 c:/st/stm32cubeide_1.7.0/stm32cubeide/plugins/com.st.stm32cube.ide.mcu.externaltools.gnu-tools-for-stm32.9-2020-q2-update.win32_2.0.0.202105311346/tools/bin/../lib/gcc/arm-none-eabi/9.3.1/../../../../arm-none-eabi/lib/thumb/v7e-m+fp/hard\libc_nano.a(lib_a-lock.o)
 .ARM.attributes
                0x00000000000008e6       0x1e c:/st/stm32cubeide_1.7.0/stm32cubeide/plugins/com.st.stm32cube.ide.mcu.externaltools.gnu-tools-for-stm32.9-2020-q2-update.win32_2.0.0.202105311346/tools/bin/../lib/gcc/arm-none-eabi/9.3.1/thumb/v7e-m+fp/hard\libgcc.a(_arm_addsubdf3.o)
 .ARM.attributes
                0x0000000000000904       0x1e c:/st/stm32cubeide_1.7.0/stm32cubeide/plugins/com.st.stm32cube.ide.mcu.externaltools.gnu-tools-for-stm32.9-2020-q2-update.win32_2.0.0.202105311346/tools/bin/../lib/gcc/arm-none-eabi/9.3.1/thumb/v7e-m+fp/hard\libgcc.a(_arm_muldivdf3.o)
 .ARM.attributes
                0x0000000000000922       0x1e c:/st/stm32cubeide_1.7.0/stm32cubeide/plugins/com.st.stm32cube.ide.mcu.externaltools.gnu-tools-for-stm32.9-2020-q2-update.win32_2.0.0.202105311346/tools/bin/../lib/gcc/arm-none-eabi/9.3.1/thumb/v7e-m+fp/hard\libgcc.a(_arm_fixunsdfsi.o)
 .ARM.attributes
                0x0000000000000940       0x1e c:/st/stm32cubeide_1.7.0/stm32cubeide/plugins/com.st.stm32cube.ide.mcu.externaltools.gnu-tools-for-stm32.9-2020-q2-update.win32_2.0.0.202105311346/tools/bin/../lib/gcc/arm-none-eabi/9.3.1/thumb/v7e-m+fp/hard/crtn.o
OUTPUT(JS20-Test01.elf elf32-littlearm)
LOAD linker stubs
LOAD c:/st/stm32cubeide_1.7.0/stm32cubeide/plugins/com.st.stm32cube.ide.mcu.externaltools.gnu-tools-for-stm32.9-2020-q2-update.win32_2.0.0.202105311346/tools/bin/../lib/gcc/arm-none-eabi/9.3.1/../../../../arm-none-eabi/lib/thumb/v7e-m+fp/hard\libc.a
LOAD c:/st/stm32cubeide_1.7.0/stm32cubeide/plugins/com.st.stm32cube.ide.mcu.externaltools.gnu-tools-for-stm32.9-2020-q2-update.win32_2.0.0.202105311346/tools/bin/../lib/gcc/arm-none-eabi/9.3.1/../../../../arm-none-eabi/lib/thumb/v7e-m+fp/hard\libm.a
LOAD c:/st/stm32cubeide_1.7.0/stm32cubeide/plugins/com.st.stm32cube.ide.mcu.externaltools.gnu-tools-for-stm32.9-2020-q2-update.win32_2.0.0.202105311346/tools/bin/../lib/gcc/arm-none-eabi/9.3.1/thumb/v7e-m+fp/hard\libgcc.a

.debug_info     0x0000000000000000    0x1a545
 .debug_info    0x0000000000000000     0x379f ./Core/Src/main.o
 .debug_info    0x000000000000379f     0x1764 ./Core/Src/ssd1306.o
 .debug_info    0x0000000000004f03      0x1f2 ./Core/Src/ssd1306_fonts.o
 .debug_info    0x00000000000050f5     0x1daf ./Core/Src/stm32f3xx_hal_msp.o
 .debug_info    0x0000000000006ea4      0xba2 ./Core/Src/stm32f3xx_it.o
 .debug_info    0x0000000000007a46      0x9b5 ./Core/Src/sysmem.o
 .debug_info    0x00000000000083fb      0x49a ./Core/Src/system_stm32f3xx.o
 .debug_info    0x0000000000008895       0x22 ./Core/Startup/startup_stm32f303retx.o
 .debug_info    0x00000000000088b7      0x86d ./Drivers/STM32F3xx_HAL_Driver/Src/stm32f3xx_hal.o
 .debug_info    0x0000000000009124      0xc8d ./Drivers/STM32F3xx_HAL_Driver/Src/stm32f3xx_hal_adc.o
 .debug_info    0x0000000000009db1     0x16c7 ./Drivers/STM32F3xx_HAL_Driver/Src/stm32f3xx_hal_adc_ex.o
 .debug_info    0x000000000000b478      0xe74 ./Drivers/STM32F3xx_HAL_Driver/Src/stm32f3xx_hal_cortex.o
 .debug_info    0x000000000000c2ec      0x839 ./Drivers/STM32F3xx_HAL_Driver/Src/stm32f3xx_hal_dma.o
 .debug_info    0x000000000000cb25      0x5f5 ./Drivers/STM32F3xx_HAL_Driver/Src/stm32f3xx_hal_flash.o
 .debug_info    0x000000000000d11a      0x8fb ./Drivers/STM32F3xx_HAL_Driver/Src/stm32f3xx_hal_flash_ex.o
 .debug_info    0x000000000000da15      0x83d ./Drivers/STM32F3xx_HAL_Driver/Src/stm32f3xx_hal_gpio.o
 .debug_info    0x000000000000e252     0x136f ./Drivers/STM32F3xx_HAL_Driver/Src/stm32f3xx_hal_pcd.o
 .debug_info    0x000000000000f5c1     0x15c6 ./Drivers/STM32F3xx_HAL_Driver/Src/stm32f3xx_hal_rcc.o
 .debug_info    0x0000000000010b87      0x716 ./Drivers/STM32F3xx_HAL_Driver/Src/stm32f3xx_hal_rcc_ex.o
 .debug_info    0x000000000001129d     0x17cb ./Drivers/STM32F3xx_HAL_Driver/Src/stm32f3xx_hal_spi.o
 .debug_info    0x0000000000012a68     0x2b64 ./Drivers/STM32F3xx_HAL_Driver/Src/stm32f3xx_hal_tim.o
 .debug_info    0x00000000000155cc     0x157e ./Drivers/STM32F3xx_HAL_Driver/Src/stm32f3xx_hal_tim_ex.o
 .debug_info    0x0000000000016b4a     0x17f6 ./Drivers/STM32F3xx_HAL_Driver/Src/stm32f3xx_hal_uart.o
 .debug_info    0x0000000000018340      0xab6 ./Drivers/STM32F3xx_HAL_Driver/Src/stm32f3xx_hal_uart_ex.o
 .debug_info    0x0000000000018df6     0x174f ./Drivers/STM32F3xx_HAL_Driver/Src/stm32f3xx_ll_usb.o

.debug_abbrev   0x0000000000000000     0x35f3
 .debug_abbrev  0x0000000000000000      0x347 ./Core/Src/main.o
 .debug_abbrev  0x0000000000000347      0x344 ./Core/Src/ssd1306.o
 .debug_abbrev  0x000000000000068b       0xbe ./Core/Src/ssd1306_fonts.o
 .debug_abbrev  0x0000000000000749      0x242 ./Core/Src/stm32f3xx_hal_msp.o
 .debug_abbrev  0x000000000000098b      0x176 ./Core/Src/stm32f3xx_it.o
 .debug_abbrev  0x0000000000000b01      0x1e3 ./Core/Src/sysmem.o
 .debug_abbrev  0x0000000000000ce4      0x145 ./Core/Src/system_stm32f3xx.o
 .debug_abbrev  0x0000000000000e29       0x12 ./Core/Startup/startup_stm32f303retx.o
 .debug_abbrev  0x0000000000000e3b      0x1ed ./Drivers/STM32F3xx_HAL_Driver/Src/stm32f3xx_hal.o
 .debug_abbrev  0x0000000000001028      0x1a7 ./Drivers/STM32F3xx_HAL_Driver/Src/stm32f3xx_hal_adc.o
 .debug_abbrev  0x00000000000011cf      0x253 ./Drivers/STM32F3xx_HAL_Driver/Src/stm32f3xx_hal_adc_ex.o
 .debug_abbrev  0x0000000000001422      0x33c ./Drivers/STM32F3xx_HAL_Driver/Src/stm32f3xx_hal_cortex.o
 .debug_abbrev  0x000000000000175e      0x228 ./Drivers/STM32F3xx_HAL_Driver/Src/stm32f3xx_hal_dma.o
 .debug_abbrev  0x0000000000001986      0x25e ./Drivers/STM32F3xx_HAL_Driver/Src/stm32f3xx_hal_flash.o
 .debug_abbrev  0x0000000000001be4      0x2ae ./Drivers/STM32F3xx_HAL_Driver/Src/stm32f3xx_hal_flash_ex.o
 .debug_abbrev  0x0000000000001e92      0x1e8 ./Drivers/STM32F3xx_HAL_Driver/Src/stm32f3xx_hal_gpio.o
 .debug_abbrev  0x000000000000207a      0x2ba ./Drivers/STM32F3xx_HAL_Driver/Src/stm32f3xx_hal_pcd.o
 .debug_abbrev  0x0000000000002334      0x2c4 ./Drivers/STM32F3xx_HAL_Driver/Src/stm32f3xx_hal_rcc.o
 .debug_abbrev  0x00000000000025f8      0x23e ./Drivers/STM32F3xx_HAL_Driver/Src/stm32f3xx_hal_rcc_ex.o
 .debug_abbrev  0x0000000000002836      0x254 ./Drivers/STM32F3xx_HAL_Driver/Src/stm32f3xx_hal_spi.o
 .debug_abbrev  0x0000000000002a8a      0x25e ./Drivers/STM32F3xx_HAL_Driver/Src/stm32f3xx_hal_tim.o
 .debug_abbrev  0x0000000000002ce8      0x266 ./Drivers/STM32F3xx_HAL_Driver/Src/stm32f3xx_hal_tim_ex.o
 .debug_abbrev  0x0000000000002f4e      0x23f ./Drivers/STM32F3xx_HAL_Driver/Src/stm32f3xx_hal_uart.o
 .debug_abbrev  0x000000000000318d      0x20a ./Drivers/STM32F3xx_HAL_Driver/Src/stm32f3xx_hal_uart_ex.o
 .debug_abbrev  0x0000000000003397      0x25c ./Drivers/STM32F3xx_HAL_Driver/Src/stm32f3xx_ll_usb.o

.debug_aranges  0x0000000000000000     0x15c0
 .debug_aranges
                0x0000000000000000      0x108 ./Core/Src/main.o
 .debug_aranges
                0x0000000000000108       0xa8 ./Core/Src/ssd1306.o
 .debug_aranges
                0x00000000000001b0       0x18 ./Core/Src/ssd1306_fonts.o
 .debug_aranges
                0x00000000000001c8       0x80 ./Core/Src/stm32f3xx_hal_msp.o
 .debug_aranges
                0x0000000000000248       0x78 ./Core/Src/stm32f3xx_it.o
 .debug_aranges
                0x00000000000002c0       0x20 ./Core/Src/sysmem.o
 .debug_aranges
                0x00000000000002e0       0x28 ./Core/Src/system_stm32f3xx.o
 .debug_aranges
                0x0000000000000308       0x28 ./Core/Startup/startup_stm32f303retx.o
 .debug_aranges
                0x0000000000000330       0xe0 ./Drivers/STM32F3xx_HAL_Driver/Src/stm32f3xx_hal.o
 .debug_aranges
                0x0000000000000410       0xc8 ./Drivers/STM32F3xx_HAL_Driver/Src/stm32f3xx_hal_adc.o
 .debug_aranges
                0x00000000000004d8      0x168 ./Drivers/STM32F3xx_HAL_Driver/Src/stm32f3xx_hal_adc_ex.o
 .debug_aranges
                0x0000000000000640      0x118 ./Drivers/STM32F3xx_HAL_Driver/Src/stm32f3xx_hal_cortex.o
 .debug_aranges
                0x0000000000000758       0x88 ./Drivers/STM32F3xx_HAL_Driver/Src/stm32f3xx_hal_dma.o
 .debug_aranges
                0x00000000000007e0       0x88 ./Drivers/STM32F3xx_HAL_Driver/Src/stm32f3xx_hal_flash.o
 .debug_aranges
                0x0000000000000868       0x98 ./Drivers/STM32F3xx_HAL_Driver/Src/stm32f3xx_hal_flash_ex.o
 .debug_aranges
                0x0000000000000900       0x58 ./Drivers/STM32F3xx_HAL_Driver/Src/stm32f3xx_hal_gpio.o
 .debug_aranges
                0x0000000000000958      0x138 ./Drivers/STM32F3xx_HAL_Driver/Src/stm32f3xx_hal_pcd.o
 .debug_aranges
                0x0000000000000a90       0x88 ./Drivers/STM32F3xx_HAL_Driver/Src/stm32f3xx_hal_rcc.o
 .debug_aranges
                0x0000000000000b18       0x38 ./Drivers/STM32F3xx_HAL_Driver/Src/stm32f3xx_hal_rcc_ex.o
 .debug_aranges
                0x0000000000000b50      0x1d8 ./Drivers/STM32F3xx_HAL_Driver/Src/stm32f3xx_hal_spi.o
 .debug_aranges
                0x0000000000000d28      0x3e0 ./Drivers/STM32F3xx_HAL_Driver/Src/stm32f3xx_hal_tim.o
 .debug_aranges
                0x0000000000001108      0x178 ./Drivers/STM32F3xx_HAL_Driver/Src/stm32f3xx_hal_tim_ex.o
 .debug_aranges
                0x0000000000001280      0x228 ./Drivers/STM32F3xx_HAL_Driver/Src/stm32f3xx_hal_uart.o
 .debug_aranges
                0x00000000000014a8       0x68 ./Drivers/STM32F3xx_HAL_Driver/Src/stm32f3xx_hal_uart_ex.o
 .debug_aranges
                0x0000000000001510       0xb0 ./Drivers/STM32F3xx_HAL_Driver/Src/stm32f3xx_ll_usb.o

.debug_ranges   0x0000000000000000     0x1460
 .debug_ranges  0x0000000000000000       0xf8 ./Core/Src/main.o
 .debug_ranges  0x00000000000000f8       0x98 ./Core/Src/ssd1306.o
 .debug_ranges  0x0000000000000190       0x70 ./Core/Src/stm32f3xx_hal_msp.o
 .debug_ranges  0x0000000000000200       0x68 ./Core/Src/stm32f3xx_it.o
 .debug_ranges  0x0000000000000268       0x10 ./Core/Src/sysmem.o
 .debug_ranges  0x0000000000000278       0x18 ./Core/Src/system_stm32f3xx.o
 .debug_ranges  0x0000000000000290       0x20 ./Core/Startup/startup_stm32f303retx.o
 .debug_ranges  0x00000000000002b0       0xd0 ./Drivers/STM32F3xx_HAL_Driver/Src/stm32f3xx_hal.o
 .debug_ranges  0x0000000000000380       0xb8 ./Drivers/STM32F3xx_HAL_Driver/Src/stm32f3xx_hal_adc.o
 .debug_ranges  0x0000000000000438      0x158 ./Drivers/STM32F3xx_HAL_Driver/Src/stm32f3xx_hal_adc_ex.o
 .debug_ranges  0x0000000000000590      0x108 ./Drivers/STM32F3xx_HAL_Driver/Src/stm32f3xx_hal_cortex.o
 .debug_ranges  0x0000000000000698       0x78 ./Drivers/STM32F3xx_HAL_Driver/Src/stm32f3xx_hal_dma.o
 .debug_ranges  0x0000000000000710       0x78 ./Drivers/STM32F3xx_HAL_Driver/Src/stm32f3xx_hal_flash.o
 .debug_ranges  0x0000000000000788       0x88 ./Drivers/STM32F3xx_HAL_Driver/Src/stm32f3xx_hal_flash_ex.o
 .debug_ranges  0x0000000000000810       0x48 ./Drivers/STM32F3xx_HAL_Driver/Src/stm32f3xx_hal_gpio.o
 .debug_ranges  0x0000000000000858      0x128 ./Drivers/STM32F3xx_HAL_Driver/Src/stm32f3xx_hal_pcd.o
 .debug_ranges  0x0000000000000980       0x78 ./Drivers/STM32F3xx_HAL_Driver/Src/stm32f3xx_hal_rcc.o
 .debug_ranges  0x00000000000009f8       0x28 ./Drivers/STM32F3xx_HAL_Driver/Src/stm32f3xx_hal_rcc_ex.o
 .debug_ranges  0x0000000000000a20      0x1c8 ./Drivers/STM32F3xx_HAL_Driver/Src/stm32f3xx_hal_spi.o
 .debug_ranges  0x0000000000000be8      0x3d0 ./Drivers/STM32F3xx_HAL_Driver/Src/stm32f3xx_hal_tim.o
 .debug_ranges  0x0000000000000fb8      0x168 ./Drivers/STM32F3xx_HAL_Driver/Src/stm32f3xx_hal_tim_ex.o
 .debug_ranges  0x0000000000001120      0x248 ./Drivers/STM32F3xx_HAL_Driver/Src/stm32f3xx_hal_uart.o
 .debug_ranges  0x0000000000001368       0x58 ./Drivers/STM32F3xx_HAL_Driver/Src/stm32f3xx_hal_uart_ex.o
 .debug_ranges  0x00000000000013c0       0xa0 ./Drivers/STM32F3xx_HAL_Driver/Src/stm32f3xx_ll_usb.o

.debug_macro    0x0000000000000000    0x23e9c
 .debug_macro   0x0000000000000000      0x637 ./Core/Src/main.o
 .debug_macro   0x0000000000000637      0xaa8 ./Core/Src/main.o
 .debug_macro   0x00000000000010df      0x169 ./Core/Src/main.o
 .debug_macro   0x0000000000001248       0x2e ./Core/Src/main.o
 .debug_macro   0x0000000000001276       0x28 ./Core/Src/main.o
 .debug_macro   0x000000000000129e       0x22 ./Core/Src/main.o
 .debug_macro   0x00000000000012c0       0x8e ./Core/Src/main.o
 .debug_macro   0x000000000000134e       0x51 ./Core/Src/main.o
 .debug_macro   0x000000000000139f      0x103 ./Core/Src/main.o
 .debug_macro   0x00000000000014a2       0x6a ./Core/Src/main.o
 .debug_macro   0x000000000000150c      0x1df ./Core/Src/main.o
 .debug_macro   0x00000000000016eb       0x1c ./Core/Src/main.o
 .debug_macro   0x0000000000001707       0x22 ./Core/Src/main.o
 .debug_macro   0x0000000000001729       0xdf ./Core/Src/main.o
 .debug_macro   0x0000000000001808     0x102d ./Core/Src/main.o
 .debug_macro   0x0000000000002835      0x11f ./Core/Src/main.o
 .debug_macro   0x0000000000002954    0x15353 ./Core/Src/main.o
 .debug_macro   0x0000000000017ca7       0x43 ./Core/Src/main.o
 .debug_macro   0x0000000000017cea     0x35e9 ./Core/Src/main.o
 .debug_macro   0x000000000001b2d3      0x174 ./Core/Src/main.o
 .debug_macro   0x000000000001b447       0x55 ./Core/Src/main.o
 .debug_macro   0x000000000001b49c      0x954 ./Core/Src/main.o
 .debug_macro   0x000000000001bdf0      0x84a ./Core/Src/main.o
 .debug_macro   0x000000000001c63a      0x12f ./Core/Src/main.o
 .debug_macro   0x000000000001c769      0x23a ./Core/Src/main.o
 .debug_macro   0x000000000001c9a3      0x1ea ./Core/Src/main.o
 .debug_macro   0x000000000001cb8d      0x1bc ./Core/Src/main.o
 .debug_macro   0x000000000001cd49       0x30 ./Core/Src/main.o
 .debug_macro   0x000000000001cd79       0x3c ./Core/Src/main.o
 .debug_macro   0x000000000001cdb5      0x236 ./Core/Src/main.o
 .debug_macro   0x000000000001cfeb      0x9fe ./Core/Src/main.o
 .debug_macro   0x000000000001d9e9       0x77 ./Core/Src/main.o
 .debug_macro   0x000000000001da60       0xc5 ./Core/Src/main.o
 .debug_macro   0x000000000001db25      0x21d ./Core/Src/main.o
 .debug_macro   0x000000000001dd42      0x22c ./Core/Src/main.o
 .debug_macro   0x000000000001df6e       0x5b ./Core/Src/main.o
 .debug_macro   0x000000000001dfc9       0xa5 ./Core/Src/main.o
 .debug_macro   0x000000000001e06e       0x65 ./Core/Src/main.o
 .debug_macro   0x000000000001e0d3      0x249 ./Core/Src/main.o
 .debug_macro   0x000000000001e31c       0x81 ./Core/Src/main.o
 .debug_macro   0x000000000001e39d       0xd3 ./Core/Src/main.o
 .debug_macro   0x000000000001e470      0x2fe ./Core/Src/main.o
 .debug_macro   0x000000000001e76e      0xa3d ./Core/Src/main.o
 .debug_macro   0x000000000001f1ab       0xbb ./Core/Src/main.o
 .debug_macro   0x000000000001f266      0x5a5 ./Core/Src/main.o
 .debug_macro   0x000000000001f80b       0x44 ./Core/Src/main.o
 .debug_macro   0x000000000001f84f      0x347 ./Core/Src/main.o
 .debug_macro   0x000000000001fb96       0xc4 ./Core/Src/main.o
 .debug_macro   0x000000000001fc5a       0x52 ./Core/Src/main.o