main.c:423:5:main	40	static
main.c:1075:6:SystemClock_Config	160	static
main.c:1130:13:MX_ADC2_Init	32	static
main.c:1217:13:MX_SPI2_Init	8	static
main.c:1257:13:MX_TIM1_Init	56	static
main.c:1308:13:MX_TIM2_Init	40	static
main.c:1353:13:MX_TIM3_Init	56	static
main.c:1402:13:MX_TIM8_Init	56	static
main.c:1453:13:MX_USART2_UART_Init	8	static
main.c:1488:13:MX_USB_PCD_Init	8	static
main.c:1518:13:MX_DMA_Init	16	static
main.c:1536:13:MX_GPIO_Init	48	static
main.c:1586:6:HAL_ADC_ConvCpltCallback	16	static
main.c:1596:6:updateTiltEncoder	16	static
main.c:1661:6:updateZoomEncoder	16	static
main.c:1726:8:readPanEncoder	16	static
main.c:1754:6:updatePanEncoder	8	static
main.c:1808:8:readRollEncoder	16	static
main.c:1836:6:updateRollEncoder	8	static
main.c:1889:6:updateZoomOffset	4	static
main.c:1897:6:updateDisplay	16	static
main.c:1944:6:menuOff	32	static
main.c:2062:6:menuPan	16	static
main.c:2142:6:menuTilt	16	static
main.c:2222:6:menuRoll	16	static
main.c:2304:6:menuZoom	16	static
main.c:2386:6:menuAux	8	static
main.c:2425:6:sendCameraData	8	static
main.c:2443:6:saveConfigData	32	static
main.c:2490:6:Error_Handler	4	static
