ssd1306.c:23:6:ssd1306_Reset	8	static
ssd1306.c:35:6:ssd1306_WriteCommand	16	static
ssd1306.c:43:6:ssd1306_WriteData	16	static
ssd1306.c:62:6:ssd1306_Init_Old	8	static
ssd1306.c:165:6:ssd1306_Init	8	static
ssd1306.c:225:6:ssd1306_Fill	24	static
ssd1306.c:235:6:ssd1306_UpdateScreen	16	static
ssd1306.c:254:6:ssd1306_DrawPixel	16	static
ssd1306.c:277:6:ssd1306_WriteChar	48	static
ssd1306.c:312:6:ssd1306_WriteString	24	static
ssd1306.c:329:6:ssd1306_SetCursor	16	static
ssd1306.c:335:6:ssd1306_Line	48	static
ssd1306.c:371:6:ssd1306_Polyline	40	static
ssd1306.c:385:14:ssd1306_DegToRad	16	static
ssd1306.c:389:17:ssd1306_NormalizeTo0_360	24	static
ssd1306.c:406:6:ssd1306_DrawArc	56	static
ssd1306.c:443:6:ssd1306_DrawCircle	40	static
ssd1306.c:488:6:ssd1306_DrawRectangle	32	static
